// Bun Snapshot v1, https://bun.sh/docs/test/snapshots

exports[`полная история имеет читаемый snapshot 1`] = `
{
  "fixture": [
    {
      "args": [
        "describe",
        1,
      ],
      "completed": 0,
      "describe": [
        "Обычная группа",
      ],
      "groupId": 0,
      "location": {
        "column": 24,
        "line": 13,
        "path": "<storybook>/app/scenarios/test/fixture/trace-scenario.test.ts",
      },
      "module": "<storybook>/app/scenarios/test/fixture/trace-functions.ts",
      "name": "delayedValue",
      "outcome": {
        "type": "resolve",
        "value": {
          "value": "describe",
        },
      },
      "test": null,
    },
    {
      "args": [
        "each-one",
        1,
      ],
      "completed": 1,
      "describe": [
        "Первый вариант",
      ],
      "groupId": 1,
      "location": {
        "column": 24,
        "line": 24,
        "path": "<storybook>/app/scenarios/test/fixture/trace-scenario.test.ts",
      },
      "module": "<storybook>/app/scenarios/test/fixture/trace-functions.ts",
      "name": "delayedValue",
      "outcome": {
        "type": "resolve",
        "value": {
          "value": "each-one",
        },
      },
      "test": null,
    },
    {
      "args": [
        "each-two",
        1,
      ],
      "completed": 2,
      "describe": [
        "Второй вариант",
      ],
      "groupId": 2,
      "location": {
        "column": 24,
        "line": 24,
        "path": "<storybook>/app/scenarios/test/fixture/trace-scenario.test.ts",
      },
      "module": "<storybook>/app/scenarios/test/fixture/trace-functions.ts",
      "name": "delayedValue",
      "outcome": {
        "type": "resolve",
        "value": {
          "value": "each-two",
        },
      },
      "test": null,
    },
    {
      "args": [
        "root",
        1,
      ],
      "completed": 3,
      "describe": [],
      "groupId": null,
      "location": {
        "column": 16,
        "line": 32,
        "path": "<storybook>/app/scenarios/test/fixture/trace-scenario.test.ts",
      },
      "module": "<storybook>/app/scenarios/test/fixture/trace-functions.ts",
      "name": "delayedValue",
      "outcome": {
        "type": "resolve",
        "value": {
          "value": "root",
        },
      },
      "test": "test без describe",
    },
    {
      "args": [
        "slow",
        30,
      ],
      "completed": 5,
      "describe": [
        "Параллельные тесты",
      ],
      "groupId": 3,
      "location": {
        "column": 18,
        "line": 37,
        "path": "<storybook>/app/scenarios/test/fixture/trace-scenario.test.ts",
      },
      "module": "<storybook>/app/scenarios/test/fixture/trace-functions.ts",
      "name": "overlappingValue",
      "outcome": {
        "type": "resolve",
        "value": {
          "activeAtStart": 1,
          "value": "slow",
        },
      },
      "test": "медленный",
    },
    {
      "args": [
        "fast",
        1,
      ],
      "completed": 4,
      "describe": [
        "Параллельные тесты",
      ],
      "groupId": 3,
      "location": {
        "column": 18,
        "line": 42,
        "path": "<storybook>/app/scenarios/test/fixture/trace-scenario.test.ts",
      },
      "module": "<storybook>/app/scenarios/test/fixture/trace-functions.ts",
      "name": "overlappingValue",
      "outcome": {
        "type": "resolve",
        "value": {
          "activeAtStart": 2,
          "value": "fast",
        },
      },
      "test": "быстрый",
    },
    {
      "args": [
        {
          "$type": "promise",
          "status": "fulfilled",
          "value": "identity",
        },
      ],
      "completed": 6,
      "describe": [],
      "groupId": null,
      "location": {
        "column": 10,
        "line": 48,
        "path": "<storybook>/app/scenarios/test/fixture/trace-scenario.test.ts",
      },
      "module": "<storybook>/app/scenarios/test/fixture/trace-functions.ts",
      "name": "identityPromise",
      "outcome": {
        "type": "resolve",
        "value": "identity",
      },
      "test": "Promise identity",
    },
    {
      "args": [
        "value",
      ],
      "completed": 7,
      "describe": [],
      "groupId": null,
      "location": {
        "column": 24,
        "line": 52,
        "path": "<storybook>/app/scenarios/test/fixture/trace-scenario.test.ts",
      },
      "module": "<storybook>/app/scenarios/test/fixture/trace-functions.ts",
      "name": "receiverValue",
      "outcome": {
        "type": "return",
        "value": "receiver:value",
      },
      "test": "this вызова",
    },
    {
      "args": [
        {
          "state": "before",
        },
      ],
      "completed": 8,
      "describe": [],
      "groupId": null,
      "location": {
        "column": 10,
        "line": 57,
        "path": "<storybook>/app/scenarios/test/fixture/trace-scenario.test.ts",
      },
      "module": "<storybook>/app/scenarios/test/fixture/trace-functions.ts",
      "name": "mutateValue",
      "outcome": {
        "type": "return",
        "value": "after",
      },
      "test": "аргумент может быть изменён функцией",
    },
    {
      "args": [
        "boom",
      ],
      "completed": 9,
      "describe": [],
      "groupId": null,
      "location": {
        "column": 36,
        "line": 61,
        "path": "<storybook>/app/scenarios/test/fixture/trace-scenario.test.ts",
      },
      "module": "<storybook>/app/scenarios/test/fixture/trace-functions.ts",
      "name": "throwValue",
      "outcome": {
        "error": {
          "$type": "error",
          "message": "sync:boom",
          "name": "Error",
        },
        "type": "throw",
      },
      "test": "синхронная ошибка",
    },
    {
      "args": [
        "boom",
      ],
      "completed": 10,
      "describe": [],
      "groupId": null,
      "location": {
        "column": 10,
        "line": 65,
        "path": "<storybook>/app/scenarios/test/fixture/trace-scenario.test.ts",
      },
      "module": "<storybook>/app/scenarios/test/fixture/trace-functions.ts",
      "name": "rejectValue",
      "outcome": {
        "error": {
          "$type": "error",
          "message": "async:boom",
          "name": "Error",
        },
        "type": "reject",
      },
      "test": "отклонённый Promise",
    },
  ],
  "packageScenario": [
    {
      "args": [
        {
          "path": "/Users/zavx0z/repozitarium/storybook/archetypes/package",
        },
      ],
      "completed": 0,
      "describe": [
        "Архетип пакета",
      ],
      "groupId": 0,
      "location": {
        "column": 24,
        "line": 15,
        "path": "<storybook>/archetypes/package/spec/scenario.spec.ts",
      },
      "module": "<storybook>/archetypes/package/index.ts",
      "name": "readPackage",
      "outcome": {
        "type": "resolve",
        "value": {
          "documentation": {
            "markdown": [
              "Собирает описание выбранного пакета из его манифеста, корневого TSDoc и публичных входов.",
              "Чтение не исполняет код пакета и не запускает его компоненты или подписки.",
            ],
            "sourceDigest": "9e50b2014e996a567a97f62095ae39ca5297772c2c9d975702fa2a9e4bddaa41",
            "sourcePath": "/Users/zavx0z/repozitarium/storybook/archetypes/package/index.ts",
          },
          "index": {
            "entries": [
              {
                "code": true,
                "conditions": [],
                "entrypoint": true,
                "input": "./contract/input.ts",
                "output": "./contract/output.ts",
                "path": ".",
                "status": "owned",
                "target": "./index.ts",
              },
              {
                "code": true,
                "conditions": [],
                "entrypoint": true,
                "input": "./documentation/contract/input.ts",
                "output": "./documentation/contract/output.ts",
                "path": "./documentation",
                "status": "owned",
                "target": "./documentation/index.ts",
              },
              {
                "code": true,
                "conditions": [],
                "entrypoint": true,
                "input": "./package-json/contract/input.ts",
                "output": "./package-json/contract/output.ts",
                "path": "./package-json",
                "status": "owned",
                "target": "./package-json/index.ts",
              },
              {
                "code": true,
                "conditions": [],
                "entrypoint": true,
                "input": "./index/contract/input.ts",
                "output": "./index/contract/output.ts",
                "path": "./index",
                "status": "owned",
                "target": "./index/index.ts",
              },
            ],
            "unchecked": [],
          },
          "packageJson": {
            "description": "Объясняет и проверяет назначение пакета, принадлежность публичных входов и наличие их контрактов",
            "exports": {
              ".": "./index.ts",
              "./documentation": "./documentation/index.ts",
              "./index": "./index/index.ts",
              "./package-json": "./package-json/index.ts",
            },
            "label": "Пакет",
            "name": "@archetypes/package",
          },
        },
      },
      "test": null,
    },
  ],
}
`;
