// Bun Snapshot v1, https://bun.sh/docs/test/snapshots

exports[`полная история имеет читаемый snapshot 1`] = `
{
  "fixture": [
    {
      "args": [
        "describe",
        1,
      ],
      "completed": 0,
      "describe": [
        "Обычная группа",
      ],
      "groupId": 0,
      "location": {
        "column": 24,
        "line": 13,
        "path": "<storybook>/app-old/scenarios/test/fixture/trace-scenario.test.ts",
      },
      "module": "<storybook>/app-old/scenarios/test/fixture/trace-functions.ts",
      "name": "delayedValue",
      "outcome": {
        "type": "resolve",
        "value": {
          "value": "describe",
        },
      },
      "test": null,
    },
    {
      "args": [
        "each-one",
        1,
      ],
      "completed": 1,
      "describe": [
        "Первый вариант",
      ],
      "groupId": 1,
      "location": {
        "column": 24,
        "line": 24,
        "path": "<storybook>/app-old/scenarios/test/fixture/trace-scenario.test.ts",
      },
      "module": "<storybook>/app-old/scenarios/test/fixture/trace-functions.ts",
      "name": "delayedValue",
      "outcome": {
        "type": "resolve",
        "value": {
          "value": "each-one",
        },
      },
      "test": null,
    },
    {
      "args": [
        "each-two",
        1,
      ],
      "completed": 2,
      "describe": [
        "Второй вариант",
      ],
      "groupId": 2,
      "location": {
        "column": 24,
        "line": 24,
        "path": "<storybook>/app-old/scenarios/test/fixture/trace-scenario.test.ts",
      },
      "module": "<storybook>/app-old/scenarios/test/fixture/trace-functions.ts",
      "name": "delayedValue",
      "outcome": {
        "type": "resolve",
        "value": {
          "value": "each-two",
        },
      },
      "test": null,
    },
    {
      "args": [
        "root",
        1,
      ],
      "completed": 3,
      "describe": [],
      "groupId": null,
      "location": {
        "column": 16,
        "line": 32,
        "path": "<storybook>/app-old/scenarios/test/fixture/trace-scenario.test.ts",
      },
      "module": "<storybook>/app-old/scenarios/test/fixture/trace-functions.ts",
      "name": "delayedValue",
      "outcome": {
        "type": "resolve",
        "value": {
          "value": "root",
        },
      },
      "test": "test без describe",
    },
    {
      "args": [
        "slow",
        30,
      ],
      "completed": 5,
      "describe": [
        "Параллельные тесты",
      ],
      "groupId": 3,
      "location": {
        "column": 18,
        "line": 37,
        "path": "<storybook>/app-old/scenarios/test/fixture/trace-scenario.test.ts",
      },
      "module": "<storybook>/app-old/scenarios/test/fixture/trace-functions.ts",
      "name": "overlappingValue",
      "outcome": {
        "type": "resolve",
        "value": {
          "activeAtStart": 1,
          "value": "slow",
        },
      },
      "test": "медленный",
    },
    {
      "args": [
        "fast",
        1,
      ],
      "completed": 4,
      "describe": [
        "Параллельные тесты",
      ],
      "groupId": 3,
      "location": {
        "column": 18,
        "line": 42,
        "path": "<storybook>/app-old/scenarios/test/fixture/trace-scenario.test.ts",
      },
      "module": "<storybook>/app-old/scenarios/test/fixture/trace-functions.ts",
      "name": "overlappingValue",
      "outcome": {
        "type": "resolve",
        "value": {
          "activeAtStart": 2,
          "value": "fast",
        },
      },
      "test": "быстрый",
    },
    {
      "args": [
        {
          "$type": "promise",
          "status": "fulfilled",
          "value": "identity",
        },
      ],
      "completed": 6,
      "describe": [],
      "groupId": null,
      "location": {
        "column": 10,
        "line": 48,
        "path": "<storybook>/app-old/scenarios/test/fixture/trace-scenario.test.ts",
      },
      "module": "<storybook>/app-old/scenarios/test/fixture/trace-functions.ts",
      "name": "identityPromise",
      "outcome": {
        "type": "resolve",
        "value": "identity",
      },
      "test": "Promise identity",
    },
    {
      "args": [
        "value",
      ],
      "completed": 7,
      "describe": [],
      "groupId": null,
      "location": {
        "column": 24,
        "line": 52,
        "path": "<storybook>/app-old/scenarios/test/fixture/trace-scenario.test.ts",
      },
      "module": "<storybook>/app-old/scenarios/test/fixture/trace-functions.ts",
      "name": "receiverValue",
      "outcome": {
        "type": "return",
        "value": "receiver:value",
      },
      "test": "this вызова",
    },
    {
      "args": [
        {
          "state": "before",
        },
      ],
      "completed": 8,
      "describe": [],
      "groupId": null,
      "location": {
        "column": 10,
        "line": 57,
        "path": "<storybook>/app-old/scenarios/test/fixture/trace-scenario.test.ts",
      },
      "module": "<storybook>/app-old/scenarios/test/fixture/trace-functions.ts",
      "name": "mutateValue",
      "outcome": {
        "type": "return",
        "value": "after",
      },
      "test": "аргумент может быть изменён функцией",
    },
    {
      "args": [
        "boom",
      ],
      "completed": 9,
      "describe": [],
      "groupId": null,
      "location": {
        "column": 36,
        "line": 61,
        "path": "<storybook>/app-old/scenarios/test/fixture/trace-scenario.test.ts",
      },
      "module": "<storybook>/app-old/scenarios/test/fixture/trace-functions.ts",
      "name": "throwValue",
      "outcome": {
        "error": {
          "$type": "error",
          "message": "sync:boom",
          "name": "Error",
        },
        "type": "throw",
      },
      "test": "синхронная ошибка",
    },
    {
      "args": [
        "boom",
      ],
      "completed": 10,
      "describe": [],
      "groupId": null,
      "location": {
        "column": 10,
        "line": 65,
        "path": "<storybook>/app-old/scenarios/test/fixture/trace-scenario.test.ts",
      },
      "module": "<storybook>/app-old/scenarios/test/fixture/trace-functions.ts",
      "name": "rejectValue",
      "outcome": {
        "error": {
          "$type": "error",
          "message": "async:boom",
          "name": "Error",
        },
        "type": "reject",
      },
      "test": "отклонённый Promise",
    },
  ],
  "packageScenario": [
    {
      "args": [
        {
          "path": "/Users/zavx0z/repozitarium/storybook/archetypes/package",
        },
      ],
      "completed": 0,
      "describe": [
        "Архетип пакета",
      ],
      "groupId": 0,
      "location": {
        "column": 24,
        "line": 17,
        "path": "<storybook>/archetypes/package/spec/scenario.spec.ts",
      },
      "module": "<storybook>/archetypes/package/index.ts",
      "name": "default",
      "outcome": {
        "type": "resolve",
        "value": {
          "code": [
            {
              "exports": [
                {
                  "declarations": [
                    {
                      "owner": {
                        "name": "@archetypes/package",
                        "path": "<storybook>/archetypes/package",
                      },
                      "path": "<storybook>/archetypes/package/contract/input.ts",
                    },
                  ],
                  "name": "ReadPackageInput",
                  "runtime": false,
                  "type": "ReadPackageInput",
                  "unresolved": false,
                },
                {
                  "declarations": [
                    {
                      "owner": {
                        "name": "@archetypes/package",
                        "path": "<storybook>/archetypes/package",
                      },
                      "path": "<storybook>/archetypes/package/contract/output.ts",
                    },
                  ],
                  "name": "ReadPackageOutput",
                  "runtime": false,
                  "type": "ReadPackageOutput",
                  "unresolved": false,
                },
                {
                  "declarations": [
                    {
                      "owner": {
                        "name": "@archetypes/package",
                        "path": "<storybook>/archetypes/package",
                      },
                      "path": "<storybook>/archetypes/package/index.ts",
                    },
                  ],
                  "name": "default",
                  "runtime": true,
                  "type": "({ path }: ReadPackageInput) => Promise<ReadPackageOutput>",
                  "unresolved": false,
                },
              ],
              "path": "<storybook>/archetypes/package/index.ts",
              "references": [
                {
                  "exported": false,
                  "from": "<storybook>/archetypes/package/index.ts",
                  "module": "node:fs/promises",
                  "names": [
                    "realpath",
                  ],
                  "owner": null,
                  "path": "<storybook>/node_modules/@types/node/fs/promises.d.ts",
                  "public": true,
                  "typeOnly": false,
                },
                {
                  "exported": false,
                  "from": "<storybook>/archetypes/package/index.ts",
                  "module": "node:path",
                  "names": [
                    "resolve",
                  ],
                  "owner": null,
                  "path": "<storybook>/node_modules/@types/node/path.d.ts",
                  "public": true,
                  "typeOnly": false,
                },
                {
                  "exported": false,
                  "from": "<storybook>/archetypes/package/index.ts",
                  "module": "@archetypes/package-json",
                  "names": [
                    "default",
                  ],
                  "owner": {
                    "name": "@archetypes/package-json",
                    "path": "<storybook>/archetypes/package/package-json",
                  },
                  "path": "<storybook>/archetypes/package/package-json/index.ts",
                  "public": true,
                  "typeOnly": false,
                },
                {
                  "exported": false,
                  "from": "<storybook>/archetypes/package/index.ts",
                  "module": "@archetypes/package-index",
                  "names": [
                    "default",
                  ],
                  "owner": {
                    "name": "@archetypes/package-index",
                    "path": "<storybook>/archetypes/package/index",
                  },
                  "path": "<storybook>/archetypes/package/index/index.ts",
                  "public": true,
                  "typeOnly": false,
                },
                {
                  "exported": false,
                  "from": "<storybook>/archetypes/package/index.ts",
                  "module": "./src/root-documentation",
                  "names": [
                    "readRootDocumentation",
                  ],
                  "owner": {
                    "name": "@archetypes/package",
                    "path": "<storybook>/archetypes/package",
                  },
                  "path": "<storybook>/archetypes/package/src/root-documentation.ts",
                  "public": true,
                  "typeOnly": false,
                },
                {
                  "exported": false,
                  "from": "<storybook>/archetypes/package/index.ts",
                  "module": "./src/sources",
                  "names": [
                    "readPackageSources",
                  ],
                  "owner": {
                    "name": "@archetypes/package",
                    "path": "<storybook>/archetypes/package",
                  },
                  "path": "<storybook>/archetypes/package/src/sources.ts",
                  "public": true,
                  "typeOnly": false,
                },
                {
                  "exported": false,
                  "from": "<storybook>/archetypes/package/index.ts",
                  "module": "./src/repository",
                  "names": [
                    "readRepositoryBoundary",
                  ],
                  "owner": {
                    "name": "@archetypes/package",
                    "path": "<storybook>/archetypes/package",
                  },
                  "path": "<storybook>/archetypes/package/src/repository.ts",
                  "public": true,
                  "typeOnly": false,
                },
                {
                  "exported": false,
                  "from": "<storybook>/archetypes/package/index.ts",
                  "module": "./src/composition",
                  "names": [
                    "readPackageComposition",
                  ],
                  "owner": {
                    "name": "@archetypes/package",
                    "path": "<storybook>/archetypes/package",
                  },
                  "path": "<storybook>/archetypes/package/src/composition.ts",
                  "public": true,
                  "typeOnly": false,
                },
                {
                  "exported": false,
                  "from": "<storybook>/archetypes/package/index.ts",
                  "module": "./contract/input",
                  "names": [
                    "ReadPackageInput",
                  ],
                  "owner": {
                    "name": "@archetypes/package",
                    "path": "<storybook>/archetypes/package",
                  },
                  "path": "<storybook>/archetypes/package/contract/input.ts",
                  "public": true,
                  "typeOnly": true,
                },
                {
                  "exported": false,
                  "from": "<storybook>/archetypes/package/index.ts",
                  "module": "./contract/output",
                  "names": [
                    "ReadPackageOutput",
                  ],
                  "owner": {
                    "name": "@archetypes/package",
                    "path": "<storybook>/archetypes/package",
                  },
                  "path": "<storybook>/archetypes/package/contract/output.ts",
                  "public": true,
                  "typeOnly": true,
                },
                {
                  "exported": false,
                  "from": "<storybook>/archetypes/package/contract/output.ts",
                  "module": "@archetypes/package-json",
                  "names": [
                    "ReadPackageJsonOutput",
                  ],
                  "owner": {
                    "name": "@archetypes/package-json",
                    "path": "<storybook>/archetypes/package/package-json",
                  },
                  "path": "<storybook>/archetypes/package/package-json/index.ts",
                  "public": true,
                  "typeOnly": true,
                },
                {
                  "exported": false,
                  "from": "<storybook>/archetypes/package/contract/output.ts",
                  "module": "@archetypes/package-documentation",
                  "names": [
                    "ReadModuleDocumentationOutput",
                  ],
                  "owner": {
                    "name": "@archetypes/package-documentation",
                    "path": "<storybook>/archetypes/package/documentation",
                  },
                  "path": "<storybook>/archetypes/package/documentation/index.ts",
                  "public": true,
                  "typeOnly": true,
                },
                {
                  "exported": false,
                  "from": "<storybook>/archetypes/package/contract/output.ts",
                  "module": "@archetypes/package-index",
                  "names": [
                    "ReadPackageIndexOutput",
                  ],
                  "owner": {
                    "name": "@archetypes/package-index",
                    "path": "<storybook>/archetypes/package/index",
                  },
                  "path": "<storybook>/archetypes/package/index/index.ts",
                  "public": true,
                  "typeOnly": true,
                },
              ],
              "statements": [
                "readPackage",
              ],
            },
            {
              "exports": [
                {
                  "declarations": [
                    {
                      "owner": {
                        "name": "@archetypes/package",
                        "path": "<storybook>/archetypes/package",
                      },
                      "path": "<storybook>/archetypes/package/src/root-documentation.ts",
                    },
                  ],
                  "name": "readRootDocumentation",
                  "runtime": true,
                  "type": "(directory: string) => Promise<ReadModuleDocumentationOutput | null>",
                  "unresolved": false,
                },
              ],
              "path": "<storybook>/archetypes/package/src/root-documentation.ts",
              "references": [
                {
                  "exported": false,
                  "from": "<storybook>/archetypes/package/src/root-documentation.ts",
                  "module": "node:fs",
                  "names": [
                    "constants",
                  ],
                  "owner": null,
                  "path": "<storybook>/node_modules/@types/node/fs.d.ts",
                  "public": true,
                  "typeOnly": false,
                },
                {
                  "exported": false,
                  "from": "<storybook>/archetypes/package/src/root-documentation.ts",
                  "module": "node:fs/promises",
                  "names": [
                    "lstat",
                    "open",
                  ],
                  "owner": null,
                  "path": "<storybook>/node_modules/@types/node/fs/promises.d.ts",
                  "public": true,
                  "typeOnly": false,
                },
                {
                  "exported": false,
                  "from": "<storybook>/archetypes/package/src/root-documentation.ts",
                  "module": "node:path",
                  "names": [
                    "resolve",
                  ],
                  "owner": null,
                  "path": "<storybook>/node_modules/@types/node/path.d.ts",
                  "public": true,
                  "typeOnly": false,
                },
                {
                  "exported": false,
                  "from": "<storybook>/archetypes/package/src/root-documentation.ts",
                  "module": "@archetypes/package-documentation",
                  "names": [
                    "default",
                  ],
                  "owner": {
                    "name": "@archetypes/package-documentation",
                    "path": "<storybook>/archetypes/package/documentation",
                  },
                  "path": "<storybook>/archetypes/package/documentation/index.ts",
                  "public": true,
                  "typeOnly": false,
                },
                {
                  "exported": false,
                  "from": "<storybook>/archetypes/package/src/root-documentation.ts",
                  "module": "@archetypes/package-documentation",
                  "names": [
                    "ReadModuleDocumentationOutput",
                  ],
                  "owner": {
                    "name": "@archetypes/package-documentation",
                    "path": "<storybook>/archetypes/package/documentation",
                  },
                  "path": "<storybook>/archetypes/package/documentation/index.ts",
                  "public": true,
                  "typeOnly": true,
                },
              ],
              "statements": [
                "MAX_MODULE_SOURCE_BYTES",
                "readRootDocumentation",
              ],
            },
            {
              "exports": [
                {
                  "declarations": [
                    {
                      "owner": {
                        "name": "@archetypes/package",
                        "path": "<storybook>/archetypes/package",
                      },
                      "path": "<storybook>/archetypes/package/src/sources.ts",
                    },
                  ],
                  "name": "readPackageSources",
                  "runtime": true,
                  "type": "(root: string, entries: readonly { readonly path: string; readonly target: string | null; readonly conditions: readonly string[]; readonly status: "blocked" | "forwarded" | "missing" | "nested-package" | "outside-package" | "owned" | "symlink"; ... 4 more ...; readonly owner?: { ...; }; }[]) => Promise<...>",
                  "unresolved": false,
                },
              ],
              "path": "<storybook>/archetypes/package/src/sources.ts",
              "references": [
                {
                  "exported": false,
                  "from": "<storybook>/archetypes/package/src/sources.ts",
                  "module": "./exports.ts",
                  "names": [
                    "readSourceExports",
                  ],
                  "owner": {
                    "name": "@archetypes/package",
                    "path": "<storybook>/archetypes/package",
                  },
                  "path": "<storybook>/archetypes/package/src/exports.ts",
                  "public": true,
                  "typeOnly": false,
                },
                {
                  "exported": false,
                  "from": "<storybook>/archetypes/package/src/sources.ts",
                  "module": "node:fs/promises",
                  "names": [
                    "lstat",
                  ],
                  "owner": null,
                  "path": "<storybook>/node_modules/@types/node/fs/promises.d.ts",
                  "public": true,
                  "typeOnly": false,
                },
                {
                  "exported": false,
                  "from": "<storybook>/archetypes/package/src/sources.ts",
                  "module": "node:path",
                  "names": [
                    "resolve",
                  ],
                  "owner": null,
                  "path": "<storybook>/node_modules/@types/node/path.d.ts",
                  "public": true,
                  "typeOnly": false,
                },
                {
                  "exported": false,
                  "from": "<storybook>/archetypes/package/src/sources.ts",
                  "module": "../contract/output",
                  "names": [
                    "ReadPackageOutput",
                  ],
                  "owner": {
                    "name": "@archetypes/package",
                    "path": "<storybook>/archetypes/package",
                  },
                  "path": "<storybook>/archetypes/package/contract/output.ts",
                  "public": true,
                  "typeOnly": true,
                },
              ],
              "statements": [
                "readPackageSources",
              ],
            },
            {
              "exports": [
                {
                  "declarations": [
                    {
                      "owner": {
                        "name": "@archetypes/package",
                        "path": "<storybook>/archetypes/package",
                      },
                      "path": "<storybook>/archetypes/package/src/repository.ts",
                    },
                  ],
                  "name": "readRepositoryBoundary",
                  "runtime": true,
                  "type": "(root: string, packages: readonly { readonly path: string; readonly name: string; readonly parent: string; }[]) => Promise<{ readonly gitRoot: string | null; readonly nestedRepositories: readonly string[]; }>",
                  "unresolved": false,
                },
              ],
              "path": "<storybook>/archetypes/package/src/repository.ts",
              "references": [
                {
                  "exported": false,
                  "from": "<storybook>/archetypes/package/src/repository.ts",
                  "module": "node:fs/promises",
                  "names": [
                    "realpath",
                    "lstat",
                  ],
                  "owner": null,
                  "path": "<storybook>/node_modules/@types/node/fs/promises.d.ts",
                  "public": true,
                  "typeOnly": false,
                },
                {
                  "exported": false,
                  "from": "<storybook>/archetypes/package/src/repository.ts",
                  "module": "node:path",
                  "names": [
                    "resolve",
                  ],
                  "owner": null,
                  "path": "<storybook>/node_modules/@types/node/path.d.ts",
                  "public": true,
                  "typeOnly": false,
                },
                {
                  "exported": false,
                  "from": "<storybook>/archetypes/package/src/repository.ts",
                  "module": "../contract/output",
                  "names": [
                    "ReadPackageOutput",
                  ],
                  "owner": {
                    "name": "@archetypes/package",
                    "path": "<storybook>/archetypes/package",
                  },
                  "path": "<storybook>/archetypes/package/contract/output.ts",
                  "public": true,
                  "typeOnly": true,
                },
              ],
              "statements": [
                "readRepositoryBoundary",
              ],
            },
            {
              "exports": [
                {
                  "declarations": [
                    {
                      "owner": {
                        "name": "@archetypes/package",
                        "path": "<storybook>/archetypes/package",
                      },
                      "path": "<storybook>/archetypes/package/src/composition.ts",
                    },
                  ],
                  "name": "readPackageComposition",
                  "runtime": true,
                  "type": "(path: string, metadata: ReadPackageJsonOutput) => Promise<readonly { readonly path: string; readonly name: string; readonly parent: string; }[]>",
                  "unresolved": false,
                },
              ],
              "path": "<storybook>/archetypes/package/src/composition.ts",
              "references": [
                {
                  "exported": false,
                  "from": "<storybook>/archetypes/package/src/composition.ts",
                  "module": "node:path",
                  "names": [
                    "dirname",
                    "resolve",
                  ],
                  "owner": null,
                  "path": "<storybook>/node_modules/@types/node/path.d.ts",
                  "public": true,
                  "typeOnly": false,
                },
                {
                  "exported": false,
                  "from": "<storybook>/archetypes/package/src/composition.ts",
                  "module": "node:fs/promises",
                  "names": [
                    "realpath",
                  ],
                  "owner": null,
                  "path": "<storybook>/node_modules/@types/node/fs/promises.d.ts",
                  "public": true,
                  "typeOnly": false,
                },
                {
                  "exported": false,
                  "from": "<storybook>/archetypes/package/src/composition.ts",
                  "module": "@storybook/route/workspaces",
                  "names": [
                    "readWorkspacePackages",
                  ],
                  "owner": {
                    "name": "@storybook/route",
                    "path": "<storybook>/route",
                  },
                  "path": "<storybook>/route/workspaces/index.ts",
                  "public": true,
                  "typeOnly": false,
                },
                {
                  "exported": false,
                  "from": "<storybook>/archetypes/package/src/composition.ts",
                  "module": "@archetypes/package-json",
                  "names": [
                    "default",
                  ],
                  "owner": {
                    "name": "@archetypes/package-json",
                    "path": "<storybook>/archetypes/package/package-json",
                  },
                  "path": "<storybook>/archetypes/package/package-json/index.ts",
                  "public": true,
                  "typeOnly": false,
                },
                {
                  "exported": false,
                  "from": "<storybook>/archetypes/package/src/composition.ts",
                  "module": "../contract/output",
                  "names": [
                    "ReadPackageOutput",
                  ],
                  "owner": {
                    "name": "@archetypes/package",
                    "path": "<storybook>/archetypes/package",
                  },
                  "path": "<storybook>/archetypes/package/contract/output.ts",
                  "public": true,
                  "typeOnly": true,
                },
              ],
              "statements": [
                "readPackageComposition",
              ],
            },
            {
              "exports": [
                {
                  "declarations": [
                    {
                      "owner": {
                        "name": "@archetypes/package",
                        "path": "<storybook>/archetypes/package",
                      },
                      "path": "<storybook>/archetypes/package/src/exports.ts",
                    },
                  ],
                  "name": "readSourceExports",
                  "runtime": true,
                  "type": "(root: string, paths: readonly string[]) => Promise<readonly { readonly path: string; readonly exports: readonly { readonly name: string; readonly runtime: boolean; readonly type: string | null; readonly unresolved: boolean; readonly declarations: readonly { ...; }[]; }[]; readonly statements: readonly string[]; rea...",
                  "unresolved": false,
                },
              ],
              "path": "<storybook>/archetypes/package/src/exports.ts",
              "references": [
                {
                  "exported": false,
                  "from": "<storybook>/archetypes/package/src/exports.ts",
                  "module": "node:module",
                  "names": [
                    "isBuiltin",
                  ],
                  "owner": null,
                  "path": "<storybook>/node_modules/@types/node/module.d.ts",
                  "public": true,
                  "typeOnly": false,
                },
                {
                  "exported": false,
                  "from": "<storybook>/archetypes/package/src/exports.ts",
                  "module": "typescript/unstable/async",
                  "names": [
                    "API",
                    "SymbolFlags",
                    "Project",
                    "Symbol",
                  ],
                  "owner": {
                    "name": "typescript",
                    "path": "<storybook>/node_modules/typescript",
                  },
                  "path": "<storybook>/node_modules/typescript/dist/api/async/api.d.ts",
                  "public": true,
                  "typeOnly": false,
                },
                {
                  "exported": false,
                  "from": "<storybook>/archetypes/package/src/exports.ts",
                  "module": "typescript/unstable/ast",
                  "names": [
                    "SyntaxKind",
                    "Node",
                    "SourceFile",
                  ],
                  "owner": {
                    "name": "typescript",
                    "path": "<storybook>/node_modules/typescript",
                  },
                  "path": "<storybook>/node_modules/typescript/dist/ast/index.d.ts",
                  "public": true,
                  "typeOnly": false,
                },
                {
                  "exported": false,
                  "from": "<storybook>/archetypes/package/src/exports.ts",
                  "module": "typescript/unstable/ast/is",
                  "names": [
                    "isClassDeclaration",
                    "isEmptyStatement",
                    "isExportAssignment",
                    "isExportDeclaration",
                    "isFunctionDeclaration",
                    "isIdentifier",
                    "isImportDeclaration",
                    "isInterfaceDeclaration",
                    "isModuleBlock",
                    "isModuleDeclaration",
                    "isNamedExports",
                    "isNamedImports",
                    "isStringLiteral",
                    "isTypeAliasDeclaration",
                    "isVariableStatement",
                    "isImportTypeNode",
                  ],
                  "owner": {
                    "name": "typescript",
                    "path": "<storybook>/node_modules/typescript",
                  },
                  "path": "<storybook>/node_modules/typescript/dist/ast/is.d.ts",
                  "public": true,
                  "typeOnly": false,
                },
                {
                  "exported": false,
                  "from": "<storybook>/archetypes/package/src/exports.ts",
                  "module": "node:path",
                  "names": [
                    "dirname",
                    "resolve",
                  ],
                  "owner": null,
                  "path": "<storybook>/node_modules/@types/node/path.d.ts",
                  "public": true,
                  "typeOnly": false,
                },
                {
                  "exported": false,
                  "from": "<storybook>/archetypes/package/src/exports.ts",
                  "module": "node:fs/promises",
                  "names": [
                    "lstat",
                    "realpath",
                    "readFile",
                  ],
                  "owner": null,
                  "path": "<storybook>/node_modules/@types/node/fs/promises.d.ts",
                  "public": true,
                  "typeOnly": false,
                },
                {
                  "exported": false,
                  "from": "<storybook>/archetypes/package/src/exports.ts",
                  "module": "@archetypes/package-index",
                  "names": [
                    "default",
                  ],
                  "owner": {
                    "name": "@archetypes/package-index",
                    "path": "<storybook>/archetypes/package/index",
                  },
                  "path": "<storybook>/archetypes/package/index/index.ts",
                  "public": true,
                  "typeOnly": false,
                },
                {
                  "exported": false,
                  "from": "<storybook>/archetypes/package/src/exports.ts",
                  "module": "../contract/output",
                  "names": [
                    "ReadPackageOutput",
                  ],
                  "owner": {
                    "name": "@archetypes/package",
                    "path": "<storybook>/archetypes/package",
                  },
                  "path": "<storybook>/archetypes/package/contract/output.ts",
                  "public": true,
                  "typeOnly": true,
                },
                {
                  "exported": false,
                  "from": "<storybook>/archetypes/package/src/exports.ts",
                  "module": "typescript/unstable/ast",
                  "names": [
                    "StringLiteral",
                  ],
                  "owner": {
                    "name": "typescript",
                    "path": "<storybook>/node_modules/typescript",
                  },
                  "path": "<storybook>/node_modules/typescript/dist/ast/index.d.ts",
                  "public": true,
                  "typeOnly": true,
                },
              ],
              "statements": [
                "sourceOwner",
                "localStatements",
                "publicModule",
                "moduleReferences",
                "readSourceExports",
              ],
            },
          ],
          "documentation": {
            "markdown": [
              "Собирает описание выбранного пакета из манифеста, корневого TSDoc, публичных входов",
              "и состава вложенных пакетов из корневых workspace glob Repo.",
              "Domain и Component не повторяют декларацию состава. Читает Git-границу и runtime exports исходников;",
              "эти факты раскрываются и проверяются в едином сценарии Package.",
              "Package является общей структурной формой Repo,",
              "Domain и Component; наличие вложенных пакетов не создаёт дополнительного класса.",
              "Настройки engines читаются только из собственного манифеста; принадлежность",
              "общей среды разработки Repo раскрывается нормативным сценарием.",
              "Чтение не исполняет код пакета и не запускает его компоненты или подписки.",
            ],
            "sourceDigest": "b9ec1372366f71ae0ac7e20fbcf8a59d63d03c4dca3fcca7667313edafee6528",
            "sourcePath": "<storybook>/archetypes/package/index.ts",
          },
          "index": {
            "entries": [
              {
                "code": true,
                "conditions": [],
                "entrypoint": true,
                "input": "./contract/input.ts",
                "output": "./contract/output.ts",
                "path": ".",
                "status": "owned",
                "target": "./index.ts",
              },
            ],
            "unchecked": [],
          },
          "packageJson": {
            "dependencies": {
              "@archetypes/package-documentation": "workspace:*",
              "@archetypes/package-index": "workspace:*",
              "@archetypes/package-json": "workspace:*",
              "@storybook/route": "workspace:*",
              "typescript": "^7.0.2",
            },
            "description": "Объясняет и проверяет назначение пакета, принадлежность публичных входов и наличие их контрактов",
            "exports": {
              ".": "./index.ts",
            },
            "label": "Пакет",
            "name": "@archetypes/package",
          },
          "packages": [
            {
              "name": "@archetypes/package-documentation",
              "parent": "<storybook>/archetypes/package",
              "path": "<storybook>/archetypes/package/documentation",
            },
            {
              "name": "@archetypes/package-index",
              "parent": "<storybook>/archetypes/package",
              "path": "<storybook>/archetypes/package/index",
            },
            {
              "name": "@archetypes/package-json",
              "parent": "<storybook>/archetypes/package",
              "path": "<storybook>/archetypes/package/package-json",
            },
          ],
          "repository": {
            "gitRoot": "<storybook>",
            "nestedRepositories": [],
          },
          "root": "<storybook>/archetypes/package",
          "scenarios": [
            "<storybook>/archetypes/package/spec/scenario.spec.ts",
          ],
        },
      },
      "test": null,
    },
  ],
}
`;
