// Bun Snapshot v1, https://bun.sh/docs/test/snapshots

exports[`Руководство сценариев доступно в App как кодовый пример 1`] = `
[
  {
    "content": "Сценарий объясняет назначение, возможности, способы использования и ограничения функции или компонента через исполняемые примеры. По нему можно пользоваться сущностью, не изучая её внутреннюю реализацию.",
    "title": "Назначение и границы / Исполняемая документация",
  },
  {
    "content": "Примеры связывают входные условия с возвращёнными данными, изменением состояния или другим наблюдаемым эффектом. Существенные единицы измерения, допустимые диапазоны и условия применения входят в это описание.",
    "title": "Назначение и границы / Содержание примеров",
  },
  {
    "content": "Набор вариантов охватывает существенные способы использования, допустимые крайние и пустые значения. Ограничения объясняют границу поддерживаемого поведения; число примеров само по себе не доказывает полноту.",
    "title": "Назначение и границы / Достаточность",
  },
  {
    "content": "Работающий пример объединяет варианты использования, получение результата и раскрытие его свойств. Ниже те же приёмы разобраны по темам; фрагменты взяты из этого исходника.",
    "title": "Пример целиком / Сценарий целиком",
  },
  {
    "content": "Автор использует обычные describe, test и expect из bun:test. Для категорий, параметризации, условий и подготовки ресурсов используются возможности самого тестового API, без отдельного языка сценариев.",
    "title": "Пример целиком / Нативные средства",
  },
  {
    "content": "Внешний describe.each задаёт именованные варианты использования. Строка параметризации содержит данные конкретного примера; отдельный вариант появляется при существенном различии входов, условий или результата.",
    "title": "Варианты и темы / Внешний вариант",
  },
  {
    "content": "Сначала раскрывается общая картина использования, затем связанные вопросы и отдельные свойства. Назначение, названия, пояснения и проверки выражают одно и то же поведение; глубина вложенности определяется смыслом, а не формой объекта.",
    "title": "Варианты и темы / От общего к частному",
  },
  {
    "content": "Сначала располагаются общие проверки. Частные темы оформляются describe.skipIf непосредственно внутри внешнего describe.each, на втором уровне и после всех общих проверок. Частная группа содержит проверки своей возможности. Если частного поведения нет, частные группы не создаются.",
    "title": "Варианты и темы / Общие и частные проверки",
  },
  {
    "content": "Объявления describe и test находятся в самом сценарии. Обход actual не создаёт категории и проверки автоматически; фикстуры и помощники не прячут регистрацию тестов.",
    "title": "Варианты и темы / Явная структура",
  },
  {
    "content": "Фрагмент test из исполняемого примера показывает название пункта, его данные и условие проверки.",
    "title": "Пункт и его описание / Пример пункта",
  },
  {
    "content": "test раскрывает самостоятельное свойство или поведение. Его label — короткое предметное название, а не пересказ matcher и не список всех полей результата.",
    "title": "Пункт и его описание / Самостоятельность пункта",
  },
  {
    "content": "Название test кратко обозначает предмет, а второй аргумент expect объясняет смысл данных. Пишите это пояснение непосредственно рядом с данными: оно читается как часть документации и объясняет нарушенное требование при ошибке.",
    "title": "Пункт и его описание / Описание пункта",
  },
  {
    "content": "Описание раскрывает смысл без повторяющихся оборотов «должно», «нужен для» и «позволяет». Когда важен вариант, его название встроено в предложение — без отдельного префикса с двоеточием и без дублирующих параметров.",
    "title": "Пункт и его описание / Формулировка",
  },
  {
    "content": "Основное объяснение находится в примерах, названиях, описаниях и проверках. TSDoc дополняет только то, что ими не выражено, а не повторяет код или очевидный статус todo.",
    "title": "Пункт и его описание / Минимум дополнительного текста",
  },
  {
    "content": "Вызовите сущность с данными выбранного варианта перед проверками её результата. Асинхронное выполнение дождитесь через await. Полученное значение служит основой для раскрытия его состава и отдельных свойств.",
    "title": "Результат и проверяемые условия / Получение результата",
  },
  {
    "content": "actual содержит данные, полученные из выполненного примера, либо нужную часть этих данных. Возвращённое значение, состояние и побочные эффекты различаются по смыслу; проверки не подменяют результат повторным вычислением реализации.",
    "title": "Результат и проверяемые условия / Данные результата",
  },
  {
    "content": "Ожидаемое условие задаётся контрактом, а не фактическим набором ключей actual. Название и описание объясняют свойство, matcher проверяет его, а несовпадение показывает различие между ожидаемым и полученным.",
    "title": "Результат и проверяемые условия / Независимый контракт",
  },
  {
    "content": "Полный состав проверяемого объекта задан независимо от actual. Существенные поля раскрыты отдельными пунктами; наличие одного объектного примера не подтверждает полноту всего сценария.",
    "title": "Результат и проверяемые условия / Полнота результата",
  },
  {
    "content": "У строк, чисел и других примитивов проверяется значение, без выдуманных ключей объекта. У массива важны состав и порядок элементов; пустой массив, пустая строка и null могут быть полноценными результатами.",
    "title": "Результат и проверяемые условия / Значения и коллекции",
  },
  {
    "content": "Проверяемая сущность импортируется из публичного входа своего владельца. Сценарий показывает использование контракта, а не обращение к частным внутренним механизмам.",
    "title": "Подготовка и жизненный цикл / Публичный вход",
  },
  {
    "content": "Проверяемая функция или компонент выполняется через свой публичный API. Штатный mock() из bun:test наблюдает callback, переданный этой сущности.",
    "title": "Подготовка и жизненный цикл / Прямое выполнение",
  },
  {
    "content": "Каждый вариант each подготавливает вход и ровно один раз вызывает описываемую функцию либо передаёт описываемый компонент в render. Все test исследуют этот результат и реакции на действия. Другие входы задаются другим вариантом. Показанный код и проверки относятся к одному вызову.",
    "title": "Подготовка и жизненный цикл / Один вызов описываемой сущности",
  },
  {
    "content": "В сценарии компонента render принимает ровно один аргумент: JSX компонента с props непосредственно в месте вызова. Storybook извлекает и исполняет эту же декларацию.",
    "title": "Подготовка и жизненный цикл / JSX непосредственно в render",
  },
  {
    "content": "Общие неизменяемые данные могут находиться на уровне модуля. Результат и изменяемые ресурсы конкретного варианта принадлежат этому варианту; один тест не оставляет другому скрытые изменения.",
    "title": "Подготовка и жизненный цикл / Общая подготовка",
  },
  {
    "content": "Каждый созданный ресурс освобождается в своём жизненном цикле, включая ошибочный исход. Общие ресурсы варианта завершаются после него; ресурсы отдельного теста очищаются отдельно.",
    "title": "Подготовка и жизненный цикл / Освобождение ресурсов",
  },
  {
    "content": "Фикстура подготавливает исходные данные и необходимую среду. Варианты, темы, test и expect остаются в сценарии: читатель видит, что именно описано и проверено.",
    "title": "Фикстуры / Граница фикстуры",
  },
  {
    "content": "Сценарий находится в непосредственной spec своего владельца: scenario.spec.ts либо scenario.spec.tsx. Варианты и проверки не дублируются во внешних декларациях.",
    "title": "Фикстуры / Расположение файла",
  },
  {
    "content": "scenario.spec описывает поддерживаемое использование с ожидаемым успешным результатом. Ожидаемые ошибки и отказы проверяются отдельными spec-файлами того же владельца; внутренние механизмы реализации — отдельными test.",
    "title": "Ошибки, пропуски и незавершённость / Разделение проверок",
  },
  {
    "content": "Понятность, согласованность, полнота примеров и достаточная глубина оцениваются по смыслу. Успешная проверка структуры не подтверждает эти качества автоматически; незавершённая оценка остаётся явно обозначенной.",
    "title": "Ошибки, пропуски и незавершённость / Смысловая оценка",
  },
  {
    "content": "Роли существующих файлов определяются по пути к сценарию",
    "title": "Результат руководства / Файлы владельца",
  },
  {
    "content": 
"Цельный исходник показывает импорты и организацию сценария
Автор видит исходник внешнего варианта, а не снимок результата функции
Пункты показывают, как написать проверку и пояснение рядом с данными"
,
    "title": "Результат руководства / Примеры кода",
  },
  {
    "content": 
"Вывод Archetypes содержит файлы, код и правила оформления
Снимки actual, полный вывод Bun и JUnit остаются у приложения"
,
    "title": "Результат руководства / Граница технического отчёта",
  },
  {
    "content": "Незавершённая проверка не выдаётся за принятую норму",
    "title": "Результат руководства / Непроверенные правила видны",
  },
  {
    "content": "Вложенный describe объединяет связанные пункты одной темы. Категория может содержать подкатегории и обычные test; собственный describe.each появляется только при собственных вариантах.",
    "title": "Группировка проверок / Категория",
  },
  {
    "content": "Несколько expect раскрывают связанные условия одного свойства. У каждого собственные actual и customFailMessage; первый провал прекращает тест, поэтому независимые свойства располагаются в отдельных test.",
    "title": "Несколько условий одного свойства / Связанные утверждения",
  },
  {
    "content": "В этом фрагменте toEqual получает объект с явно указанными именами полей, без spread и динамического вычисления ключей. Это пример формы сравнения, а не доказательство полноты всего результата.",
    "title": "Состав объекта / Пример состава объекта",
  },
  {
    "content": "test.each повторяет одну и ту же проверку с разными данными. Это параметризация пункта, а не замена внешних вариантов использования.",
    "title": "Параметризация пунктов / Повторяющиеся проверки",
  },
  {
    "content": "Вариант each создаёт свежий mock в props перед единственным render. test выполняет действие над уже созданным компонентом и сравнивает mock.calls с ожидаемыми вызовами. Каждая строка — аргументы одного вызова; порядок и число строк выражают порядок и число вызовов. Пустой массив означает отсутствие вызовов. Журнал принадлежит одному запуску варианта.",
    "title": "Обратные вызовы / Проверка callback",
  },
  {
    "content": "afterAll завершает общие ресурсы варианта после его проверок. afterEach завершает ресурсы отдельного теста. В примере освобождение находится рядом с созданием ресурса.",
    "title": "Завершение ресурсов / Завершение жизненного цикла",
  },
  {
    "content": "describe.skipIf обозначает применимость частной темы к варианту. Перед группой находится @remarks с условием и причиной; пропуск не выдаётся за успешную проверку.",
    "title": "Условная применимость / Неприменимый случай",
  },
  {
    "content": "todo обозначает ещё не реализованную проверку без дублирующего комментария. Пустое тело обычного test не заменяет проверку, а наличие текста требования не доказывает его выполнение.",
    "title": "Незавершённые проверки / Незавершённая проверка",
  },
  {
    "content": "Строка each хранит свойства компонента в props, а разметку слотов в отдельном объекте slots. Ключ default обозначает безымянный слот; остальные ключи называют именованные слоты. Значения задаются непосредственным JSX, обычными полями без this и геттеров. Отсутствующий слот не объявляется. Когда slots целиком отсутствует, деструктуризация slots = {} даёт пустой набор; undefined среди дочерних элементов пропускается Template.",
    "title": "Слоты компонента / Данные варианта",
  },
  {
    "content": "Единственный render содержит JSX описываемого компонента с props в атрибутах и slots внутри его парных тегов. Именованное содержимое использует штатный атрибут slot на передаваемом узле. Безымянное содержимое передаётся из slots.default. Состав слотов задан строкой each; место вызова прямо передаёт его без условий выбора варианта.",
    "title": "Слоты компонента / Передача содержимого",
  },
]
`;
