// Bun Snapshot v1, https://bun.sh/docs/test/snapshots

exports[`полная история имеет читаемый snapshot 1`] = `
{
  "fixture": [
    {
      "args": [
        "describe",
        1,
      ],
      "completed": 0,
      "describe": [
        "Обычная группа",
      ],
      "groupId": 0,
      "location": {
        "column": 24,
        "line": 13,
        "path": "<archetypes>/archetypes/specs/scenarios/test/fixture/trace-scenario.test.ts",
      },
      "module": "/Users/zavx0z/repozitarium/storybook/archetypes/specs/scenarios/test/fixture/trace-functions.ts",
      "name": "delayedValue",
      "outcome": {
        "type": "resolve",
        "value": {
          "value": "describe",
        },
      },
      "test": null,
    },
    {
      "args": [
        "each-one",
        1,
      ],
      "completed": 1,
      "describe": [
        "Первый вариант",
      ],
      "groupId": 1,
      "location": {
        "column": 24,
        "line": 24,
        "path": "<archetypes>/archetypes/specs/scenarios/test/fixture/trace-scenario.test.ts",
      },
      "module": "/Users/zavx0z/repozitarium/storybook/archetypes/specs/scenarios/test/fixture/trace-functions.ts",
      "name": "delayedValue",
      "outcome": {
        "type": "resolve",
        "value": {
          "value": "each-one",
        },
      },
      "test": null,
    },
    {
      "args": [
        "each-two",
        1,
      ],
      "completed": 2,
      "describe": [
        "Второй вариант",
      ],
      "groupId": 2,
      "location": {
        "column": 24,
        "line": 24,
        "path": "<archetypes>/archetypes/specs/scenarios/test/fixture/trace-scenario.test.ts",
      },
      "module": "/Users/zavx0z/repozitarium/storybook/archetypes/specs/scenarios/test/fixture/trace-functions.ts",
      "name": "delayedValue",
      "outcome": {
        "type": "resolve",
        "value": {
          "value": "each-two",
        },
      },
      "test": null,
    },
    {
      "args": [
        "root",
        1,
      ],
      "completed": 3,
      "describe": [],
      "groupId": null,
      "location": {
        "column": 16,
        "line": 32,
        "path": "<archetypes>/archetypes/specs/scenarios/test/fixture/trace-scenario.test.ts",
      },
      "module": "/Users/zavx0z/repozitarium/storybook/archetypes/specs/scenarios/test/fixture/trace-functions.ts",
      "name": "delayedValue",
      "outcome": {
        "type": "resolve",
        "value": {
          "value": "root",
        },
      },
      "test": "test без describe",
    },
    {
      "args": [
        "slow",
        30,
      ],
      "completed": 5,
      "describe": [
        "Параллельные тесты",
      ],
      "groupId": 3,
      "location": {
        "column": 18,
        "line": 37,
        "path": "<archetypes>/archetypes/specs/scenarios/test/fixture/trace-scenario.test.ts",
      },
      "module": "/Users/zavx0z/repozitarium/storybook/archetypes/specs/scenarios/test/fixture/trace-functions.ts",
      "name": "overlappingValue",
      "outcome": {
        "type": "resolve",
        "value": {
          "activeAtStart": 1,
          "value": "slow",
        },
      },
      "test": "медленный",
    },
    {
      "args": [
        "fast",
        1,
      ],
      "completed": 4,
      "describe": [
        "Параллельные тесты",
      ],
      "groupId": 3,
      "location": {
        "column": 18,
        "line": 42,
        "path": "<archetypes>/archetypes/specs/scenarios/test/fixture/trace-scenario.test.ts",
      },
      "module": "/Users/zavx0z/repozitarium/storybook/archetypes/specs/scenarios/test/fixture/trace-functions.ts",
      "name": "overlappingValue",
      "outcome": {
        "type": "resolve",
        "value": {
          "activeAtStart": 2,
          "value": "fast",
        },
      },
      "test": "быстрый",
    },
    {
      "args": [
        {
          "$type": "promise",
          "status": "fulfilled",
          "value": "identity",
        },
      ],
      "completed": 6,
      "describe": [],
      "groupId": null,
      "location": {
        "column": 10,
        "line": 48,
        "path": "<archetypes>/archetypes/specs/scenarios/test/fixture/trace-scenario.test.ts",
      },
      "module": "/Users/zavx0z/repozitarium/storybook/archetypes/specs/scenarios/test/fixture/trace-functions.ts",
      "name": "identityPromise",
      "outcome": {
        "type": "resolve",
        "value": "identity",
      },
      "test": "Promise identity",
    },
    {
      "args": [
        "value",
      ],
      "completed": 7,
      "describe": [],
      "groupId": null,
      "location": {
        "column": 24,
        "line": 52,
        "path": "<archetypes>/archetypes/specs/scenarios/test/fixture/trace-scenario.test.ts",
      },
      "module": "/Users/zavx0z/repozitarium/storybook/archetypes/specs/scenarios/test/fixture/trace-functions.ts",
      "name": "receiverValue",
      "outcome": {
        "type": "return",
        "value": "receiver:value",
      },
      "test": "this вызова",
    },
    {
      "args": [
        {
          "state": "before",
        },
      ],
      "completed": 8,
      "describe": [],
      "groupId": null,
      "location": {
        "column": 10,
        "line": 57,
        "path": "<archetypes>/archetypes/specs/scenarios/test/fixture/trace-scenario.test.ts",
      },
      "module": "/Users/zavx0z/repozitarium/storybook/archetypes/specs/scenarios/test/fixture/trace-functions.ts",
      "name": "mutateValue",
      "outcome": {
        "type": "return",
        "value": "after",
      },
      "test": "аргумент может быть изменён функцией",
    },
    {
      "args": [
        "boom",
      ],
      "completed": 9,
      "describe": [],
      "groupId": null,
      "location": {
        "column": 36,
        "line": 61,
        "path": "<archetypes>/archetypes/specs/scenarios/test/fixture/trace-scenario.test.ts",
      },
      "module": "/Users/zavx0z/repozitarium/storybook/archetypes/specs/scenarios/test/fixture/trace-functions.ts",
      "name": "throwValue",
      "outcome": {
        "error": {
          "$type": "error",
          "message": "sync:boom",
          "name": "Error",
        },
        "type": "throw",
      },
      "test": "синхронная ошибка",
    },
    {
      "args": [
        "boom",
      ],
      "completed": 10,
      "describe": [],
      "groupId": null,
      "location": {
        "column": 10,
        "line": 65,
        "path": "<archetypes>/archetypes/specs/scenarios/test/fixture/trace-scenario.test.ts",
      },
      "module": "/Users/zavx0z/repozitarium/storybook/archetypes/specs/scenarios/test/fixture/trace-functions.ts",
      "name": "rejectValue",
      "outcome": {
        "error": {
          "$type": "error",
          "message": "async:boom",
          "name": "Error",
        },
        "type": "reject",
      },
      "test": "отклонённый Promise",
    },
  ],
  "packageScenario": [
    {
      "args": [
        {
          "path": "/Users/zavx0z/repozitarium/storybook/archetypes/package",
        },
      ],
      "completed": 0,
      "describe": [
        "Архетип пакета",
      ],
      "groupId": 0,
      "location": {
        "column": 24,
        "line": 15,
        "path": "<archetypes>/archetypes/package/spec/scenario.spec.ts",
      },
      "module": "/Users/zavx0z/repozitarium/storybook/archetypes/package/index.ts",
      "name": "readPackage",
      "outcome": {
        "type": "resolve",
        "value": {
          "index": {
            "entries": [
              {
                "code": true,
                "conditions": [],
                "entrypoint": true,
                "input": "./contract/input.ts",
                "output": "./contract/output.ts",
                "path": ".",
                "status": "owned",
                "target": "./index.ts",
              },
              {
                "code": true,
                "conditions": [],
                "entrypoint": true,
                "input": "./readme/contract/input.ts",
                "output": "./readme/contract/output.ts",
                "path": "./readme",
                "status": "owned",
                "target": "./readme/index.ts",
              },
              {
                "code": true,
                "conditions": [],
                "entrypoint": true,
                "input": "./package-json/contract/input.ts",
                "output": "./package-json/contract/output.ts",
                "path": "./package-json",
                "status": "owned",
                "target": "./package-json/index.ts",
              },
              {
                "code": true,
                "conditions": [],
                "entrypoint": true,
                "input": "./index/contract/input.ts",
                "output": "./index/contract/output.ts",
                "path": "./index",
                "status": "owned",
                "target": "./index/index.ts",
              },
            ],
            "unchecked": [],
          },
          "packageJson": {
            "description": "Объясняет и проверяет назначение пакета, принадлежность публичных входов и наличие их контрактов",
            "exports": {
              ".": "./index.ts",
              "./index": "./index/index.ts",
              "./package-json": "./package-json/index.ts",
              "./readme": "./readme/index.ts",
            },
            "label": "Пакет",
            "name": "@archetypes/package",
          },
          "readme": {
            "content": [
              "# Структура пакета",
              "",
              "Пакет объединяет принадлежащий ему код под собственным именем и публичным API.",
              "Архетип помогает понять назначение выбранного пакета, найти его публичные входы",
              "и увидеть, какие части их файлового контракта выполнены.",
              "",
              "[Исполняемый пример](spec/scenario.spec.ts) применяет архетип к нему самому:",
              "объясняет идентичность, показывает обзор и состав экспортов, проверяет",
              "принадлежность файлов, входы сущностей и наличие контрактов. Другой пакет",
              "выбирается через [параметр пути](notes/input-path.md). Код выбранного пакета",
              "при чтении не исполняется.",
              "",
              "Результат сохраняет отсутствующие файлы и непроверенные формы экспортов.",
              "Смысловая полнота типов, единственная основная сущность и управление состоянием",
              "пока отмечены в сценарии как неподтверждённые. Проверка наличия файлов",
              "не означает полного соответствия архитектуре компонента.",
              "",
              "## Заметки",
              "",
              "- [Какие файлы описывают пакет](./notes/structure.md)",
              "- [Корневой и вложенный пакет](./notes/placement.md)",
              "- [Как выбрать внешний путь или фикстуру](./notes/input-path.md)",
              "- [Пример размещения пакетов и сущностей Nodes](./notes/draft-nodes-example.md)",
              "- [Какие вопросы решает описание пакета](./notes/draft-context.md)",
              "- [Какие функции и типы доступны из пакета](./notes/draft-exports.md)",
              "- [Как находить пакеты и изолировать их ошибки](./notes/draft-discovery.md)",
              "- [Что принадлежит пакету, а что — Storybook](./notes/draft-ownership.md)",
              "",
              "## Состав",
              "",
              "- [package.json](./package-json/README.md)",
              "- [README пакета](./readme/README.md)",
              "",
            ],
          },
        },
      },
      "test": null,
    },
  ],
}
`;
