// Bun Snapshot v1, https://bun.sh/docs/test/snapshots

exports[`Пакет Сохраняет результат чтения спецификации 1`] = `
{
  "result": {
    "scenario": {
      "assertions": [
        {
          "actual": "@archetypes/package",
          "customFailMessage": "Пакет имеет собственное имя из package.json",
          "describe": [
            "Архетип пакета",
            "Назначение",
          ],
          "error": null,
          "expected": [
            {
              "$type": "regexp",
              "flags": "u",
              "lastIndex": 0,
              "source": "\\S",
            },
          ],
          "id": 0,
          "location": {
            "column": 7,
            "line": 19,
            "path": "/Users/zavx0z/repozitarium/storybook/archetypes/package/spec/scenario.spec.ts",
          },
          "matcher": "toMatch",
          "modifiers": [],
          "site": "expect:628",
          "status": "passed",
          "test": "Идентичность",
          "testId": 0,
        },
        {
          "actual": "Пакет",
          "customFailMessage": "Заданная подпись объясняет предмет пакета человеку",
          "describe": [
            "Архетип пакета",
            "Назначение",
          ],
          "error": null,
          "expected": [
            {
              "$type": "regexp",
              "flags": "u",
              "lastIndex": 0,
              "source": "\\S",
            },
          ],
          "id": 1,
          "location": {
            "column": 9,
            "line": 21,
            "path": "/Users/zavx0z/repozitarium/storybook/archetypes/package/spec/scenario.spec.ts",
          },
          "matcher": "toMatch",
          "modifiers": [],
          "site": "expect:782",
          "status": "passed",
          "test": "Идентичность",
          "testId": 0,
        },
        {
          "actual": "Объясняет и проверяет назначение пакета, принадлежность публичных входов и наличие их контрактов",
          "customFailMessage": "Описание сообщает, для чего существует пакет",
          "describe": [
            "Архетип пакета",
            "Назначение",
          ],
          "error": null,
          "expected": [
            {
              "$type": "regexp",
              "flags": "u",
              "lastIndex": 0,
              "source": "\\S",
            },
          ],
          "id": 2,
          "location": {
            "column": 7,
            "line": 25,
            "path": "/Users/zavx0z/repozitarium/storybook/archetypes/package/spec/scenario.spec.ts",
          },
          "matcher": "toMatch",
          "modifiers": [],
          "site": "expect:941",
          "status": "passed",
          "test": "Ответственность",
          "testId": 1,
        },
        {
          "actual": [
            "Собирает описание выбранного пакета из его манифеста, корневого TSDoc и публичных входов.",
            "Чтение не исполняет код пакета и не запускает его компоненты или подписки.",
          ],
          "customFailMessage": "Корневой TSDoc раскрывает назначение и границы ответственности пакета",
          "describe": [
            "Архетип пакета",
            "Назначение",
          ],
          "error": null,
          "expected": [
            {
              "$type": "regexp",
              "flags": "u",
              "lastIndex": 0,
              "source": "\\S",
            },
          ],
          "id": 3,
          "location": {
            "column": 7,
            "line": 26,
            "path": "/Users/zavx0z/repozitarium/storybook/archetypes/package/spec/scenario.spec.ts",
          },
          "matcher": "toMatch",
          "modifiers": [],
          "site": "expect:1049",
          "status": "passed",
          "test": "Ответственность",
          "testId": 1,
        },
        {
          "actual": {
            ".": "./index.ts",
            "./documentation": "./documentation/index.ts",
            "./index": "./index/index.ts",
            "./package-json": "./package-json/index.ts",
          },
          "customFailMessage": "Публичные пути объявлены самим пакетом",
          "describe": [
            "Архетип пакета",
            "Публичные входы",
          ],
          "error": null,
          "expected": [],
          "id": 4,
          "location": {
            "column": 7,
            "line": 32,
            "path": "/Users/zavx0z/repozitarium/storybook/archetypes/package/spec/scenario.spec.ts",
          },
          "matcher": "toBeObject",
          "modifiers": [],
          "site": "expect:1272",
          "status": "passed",
          "test": "Объявленный состав",
          "testId": 2,
        },
        {
          "actual": [
            {
              "code": true,
              "conditions": [],
              "entrypoint": true,
              "input": "./contract/input.ts",
              "output": "./contract/output.ts",
              "path": ".",
              "status": "owned",
              "target": "./index.ts",
            },
            {
              "code": true,
              "conditions": [],
              "entrypoint": true,
              "input": "./documentation/contract/input.ts",
              "output": "./documentation/contract/output.ts",
              "path": "./documentation",
              "status": "owned",
              "target": "./documentation/index.ts",
            },
            {
              "code": true,
              "conditions": [],
              "entrypoint": true,
              "input": "./package-json/contract/input.ts",
              "output": "./package-json/contract/output.ts",
              "path": "./package-json",
              "status": "owned",
              "target": "./package-json/index.ts",
            },
            {
              "code": true,
              "conditions": [],
              "entrypoint": true,
              "input": "./index/contract/input.ts",
              "output": "./index/contract/output.ts",
              "path": "./index",
              "status": "owned",
              "target": "./index/index.ts",
            },
          ],
          "customFailMessage": "Каждый раскрытый вход показывает файл, условия и доступные контракты",
          "describe": [
            "Архетип пакета",
            "Публичные входы",
          ],
          "error": null,
          "expected": [],
          "id": 5,
          "location": {
            "column": 7,
            "line": 33,
            "path": "/Users/zavx0z/repozitarium/storybook/archetypes/package/spec/scenario.spec.ts",
          },
          "matcher": "toBeArray",
          "modifiers": [],
          "site": "expect:1368",
          "status": "passed",
          "test": "Объявленный состав",
          "testId": 2,
        },
        {
          "actual": [],
          "customFailMessage": "Все объявления этого примера входят в область файловой проверки",
          "describe": [
            "Архетип пакета",
            "Публичные входы",
          ],
          "error": null,
          "expected": [
            [],
          ],
          "id": 6,
          "location": {
            "column": 7,
            "line": 36,
            "path": "/Users/zavx0z/repozitarium/storybook/archetypes/package/spec/scenario.spec.ts",
          },
          "matcher": "toEqual",
          "modifiers": [],
          "site": "expect:1582",
          "status": "passed",
          "test": "Полнота раскрытия exports",
          "testId": 3,
        },
        {
          "actual": [],
          "customFailMessage": "Каждый открытый публичный путь ведёт к существующему файлу своего пакета",
          "describe": [
            "Архетип пакета",
            "Публичные входы",
          ],
          "error": null,
          "expected": [
            [],
          ],
          "id": 7,
          "location": {
            "column": 7,
            "line": 40,
            "path": "/Users/zavx0z/repozitarium/storybook/archetypes/package/spec/scenario.spec.ts",
          },
          "matcher": "toEqual",
          "modifiers": [],
          "site": "expect:1866",
          "status": "passed",
          "test": "Принадлежность файлов",
          "testId": 4,
        },
        {
          "actual": [],
          "customFailMessage": "Кодовый экспорт ведёт к index.ts или index.tsx сущности; служебные файлы не публикуются напрямую",
          "describe": [
            "Архетип пакета",
            "Публичные входы",
          ],
          "error": null,
          "expected": [
            [],
          ],
          "id": 8,
          "location": {
            "column": 7,
            "line": 44,
            "path": "/Users/zavx0z/repozitarium/storybook/archetypes/package/spec/scenario.spec.ts",
          },
          "matcher": "toEqual",
          "modifiers": [],
          "site": "expect:2130",
          "status": "passed",
          "test": "Вход самостоятельной сущности",
          "testId": 5,
        },
        {
          "actual": [],
          "customFailMessage": "Одна кодовая сущность имеет один публичный путь; условия одного пути не являются псевдонимами",
          "describe": [
            "Архетип пакета",
            "Публичные входы",
          ],
          "error": null,
          "expected": [
            [],
          ],
          "id": 9,
          "location": {
            "column": 7,
            "line": 50,
            "path": "/Users/zavx0z/repozitarium/storybook/archetypes/package/spec/scenario.spec.ts",
          },
          "matcher": "toEqual",
          "modifiers": [],
          "site": "expect:2593",
          "status": "passed",
          "test": "Отсутствие псевдонимов",
          "testId": 6,
        },
        {
          "actual": [],
          "customFailMessage": "У каждого входа примера есть contract/input.ts и contract/output.ts; наличие файла ещё не подтверждает содержание типов",
          "describe": [
            "Архетип пакета",
            "Контракты",
          ],
          "error": null,
          "expected": [
            [],
          ],
          "id": 10,
          "location": {
            "column": 7,
            "line": 57,
            "path": "/Users/zavx0z/repozitarium/storybook/archetypes/package/spec/scenario.spec.ts",
          },
          "matcher": "toEqual",
          "modifiers": [],
          "site": "expect:2948",
          "status": "passed",
          "test": "Вход и результат",
          "testId": 7,
        },
      ],
      "calls": [
        {
          "args": [
            {
              "path": "/Users/zavx0z/repozitarium/storybook/archetypes/package",
            },
          ],
          "completed": 0,
          "describe": [
            "Архетип пакета",
          ],
          "groupId": 0,
          "id": 0,
          "location": {
            "column": 24,
            "line": 15,
            "path": "/Users/zavx0z/repozitarium/storybook/archetypes/package/spec/scenario.spec.ts",
          },
          "module": "/Users/zavx0z/repozitarium/storybook/archetypes/package/index.ts",
          "name": "readPackage",
          "outcome": {
            "type": "resolve",
            "value": {
              "documentation": {
                "markdown": [
                  "Собирает описание выбранного пакета из его манифеста, корневого TSDoc и публичных входов.",
                  "Чтение не исполняет код пакета и не запускает его компоненты или подписки.",
                ],
                "sourceDigest": "9e50b2014e996a567a97f62095ae39ca5297772c2c9d975702fa2a9e4bddaa41",
                "sourcePath": "/Users/zavx0z/repozitarium/storybook/archetypes/package/index.ts",
              },
              "index": {
                "entries": [
                  {
                    "code": true,
                    "conditions": [],
                    "entrypoint": true,
                    "input": "./contract/input.ts",
                    "output": "./contract/output.ts",
                    "path": ".",
                    "status": "owned",
                    "target": "./index.ts",
                  },
                  {
                    "code": true,
                    "conditions": [],
                    "entrypoint": true,
                    "input": "./documentation/contract/input.ts",
                    "output": "./documentation/contract/output.ts",
                    "path": "./documentation",
                    "status": "owned",
                    "target": "./documentation/index.ts",
                  },
                  {
                    "code": true,
                    "conditions": [],
                    "entrypoint": true,
                    "input": "./package-json/contract/input.ts",
                    "output": "./package-json/contract/output.ts",
                    "path": "./package-json",
                    "status": "owned",
                    "target": "./package-json/index.ts",
                  },
                  {
                    "code": true,
                    "conditions": [],
                    "entrypoint": true,
                    "input": "./index/contract/input.ts",
                    "output": "./index/contract/output.ts",
                    "path": "./index",
                    "status": "owned",
                    "target": "./index/index.ts",
                  },
                ],
                "unchecked": [],
              },
              "packageJson": {
                "description": "Объясняет и проверяет назначение пакета, принадлежность публичных входов и наличие их контрактов",
                "exports": {
                  ".": "./index.ts",
                  "./documentation": "./documentation/index.ts",
                  "./index": "./index/index.ts",
                  "./package-json": "./package-json/index.ts",
                },
                "label": "Пакет",
                "name": "@archetypes/package",
              },
            },
          },
          "test": null,
        },
      ],
      "exitCode": 0,
      "groups": [
        {
          "id": 0,
          "label": "Архетип пакета",
          "location": {
            "column": 1,
            "line": 12,
            "path": "/Users/zavx0z/repozitarium/storybook/archetypes/package/spec/scenario.spec.ts",
          },
          "mode": "run",
          "parameters": {
            "name": "Архетип пакета",
            "props": {
              "path": "/Users/zavx0z/repozitarium/storybook/archetypes/package",
            },
          },
          "parentId": null,
          "skipReason": null,
        },
        {
          "id": 1,
          "label": "Назначение",
          "location": {
            "column": 3,
            "line": 17,
            "path": "/Users/zavx0z/repozitarium/storybook/archetypes/package/spec/scenario.spec.ts",
          },
          "mode": "run",
          "parameters": null,
          "parentId": 0,
          "skipReason": null,
        },
        {
          "id": 2,
          "label": "Публичные входы",
          "location": {
            "column": 3,
            "line": 30,
            "path": "/Users/zavx0z/repozitarium/storybook/archetypes/package/spec/scenario.spec.ts",
          },
          "mode": "run",
          "parameters": null,
          "parentId": 0,
          "skipReason": null,
        },
        {
          "id": 3,
          "label": "Контракты",
          "location": {
            "column": 3,
            "line": 54,
            "path": "/Users/zavx0z/repozitarium/storybook/archetypes/package/spec/scenario.spec.ts",
          },
          "mode": "run",
          "parameters": null,
          "parentId": 0,
          "skipReason": null,
        },
        {
          "id": 4,
          "label": "Поведение и состояние",
          "location": {
            "column": 3,
            "line": 64,
            "path": "/Users/zavx0z/repozitarium/storybook/archetypes/package/spec/scenario.spec.ts",
          },
          "mode": "run",
          "parameters": null,
          "parentId": 0,
          "skipReason": null,
        },
      ],
      "junit": [
        "<?xml version="1.0" encoding="UTF-8"?>",
        "<testsuites name="bun test" tests="11" assertions="11" failures="0" skipped="3" time="<duration>">",
        "  <testsuite name="spec/scenario.spec.ts" file="spec/scenario.spec.ts" tests="11" assertions="11" failures="0" skipped="3" time="<duration>" hostname="repositarium">",
        "    <testsuite name="Архетип пакета" file="spec/scenario.spec.ts" line="90" tests="11" assertions="11" failures="0" skipped="3" time="<duration>" hostname="repositarium">",
        "      <testsuite name="Назначение" file="spec/scenario.spec.ts" line="90" tests="2" assertions="4" failures="0" skipped="0" time="<duration>" hostname="repositarium">",
        "        <testcase name="Идентичность" classname="Назначение &gt; Архетип пакета" time="<duration>" file="spec/scenario.spec.ts" line="90" assertions="2" />",
        "        <testcase name="Ответственность" classname="Назначение &gt; Архетип пакета" time="<duration>" file="spec/scenario.spec.ts" line="90" assertions="2" />",
        "      </testsuite>",
        "      <testsuite name="Публичные входы" file="spec/scenario.spec.ts" line="90" tests="5" assertions="6" failures="0" skipped="0" time="<duration>" hostname="repositarium">",
        "        <testcase name="Объявленный состав" classname="Публичные входы &gt; Архетип пакета" time="<duration>" file="spec/scenario.spec.ts" line="90" assertions="2" />",
        "        <testcase name="Полнота раскрытия exports" classname="Публичные входы &gt; Архетип пакета" time="<duration>" file="spec/scenario.spec.ts" line="90" assertions="1" />",
        "        <testcase name="Принадлежность файлов" classname="Публичные входы &gt; Архетип пакета" time="<duration>" file="spec/scenario.spec.ts" line="90" assertions="1" />",
        "        <testcase name="Вход самостоятельной сущности" classname="Публичные входы &gt; Архетип пакета" time="<duration>" file="spec/scenario.spec.ts" line="90" assertions="1" />",
        "        <testcase name="Отсутствие псевдонимов" classname="Публичные входы &gt; Архетип пакета" time="<duration>" file="spec/scenario.spec.ts" line="90" assertions="1" />",
        "      </testsuite>",
        "      <testsuite name="Контракты" file="spec/scenario.spec.ts" line="90" tests="2" assertions="1" failures="0" skipped="1" time="<duration>" hostname="repositarium">",
        "        <testcase name="Вход и результат" classname="Контракты &gt; Архетип пакета" time="<duration>" file="spec/scenario.spec.ts" line="90" assertions="1" />",
        "        <testcase name="Смысловая полнота контрактов и единственная основная исполняемая сущность" classname="Контракты &gt; Архетип пакета" time="<duration>" file="spec/scenario.spec.ts" line="90" assertions="0">",
        "          <skipped message="TODO" />",
        "        </testcase>",
        "      </testsuite>",
        "      <testsuite name="Поведение и состояние" file="spec/scenario.spec.ts" line="90" tests="2" assertions="0" failures="0" skipped="2" time="<duration>" hostname="repositarium">",
        "        <testcase name="Компонент владеет порядком pipeline, состоянием, методами и подписками" classname="Поведение и состояние &gt; Архетип пакета" time="<duration>" file="spec/scenario.spec.ts" line="90" assertions="0">",
        "          <skipped message="TODO" />",
        "        </testcase>",
        "        <testcase name="Функции обогащения изменяют только данные переданного объекта $, не добавляя методы и подписки" classname="Поведение и состояние &gt; Архетип пакета" time="<duration>" file="spec/scenario.spec.ts" line="90" assertions="0">",
        "          <skipped message="TODO" />",
        "        </testcase>",
        "      </testsuite>",
        "    </testsuite>",
        "  </testsuite>",
        "</testsuites>",
        "",
      ],
      "path": "/Users/zavx0z/repozitarium/storybook/archetypes/package/spec/scenario.spec.ts",
      "preview": {
        "kind": "function",
        "variants": [
          {
            "calls": [
              {
                "id": 0,
                "outcome": {
                  "type": "resolve",
                  "value": {
                    "documentation": {
                      "markdown": [
                        "Собирает описание выбранного пакета из его манифеста, корневого TSDoc и публичных входов.",
                        "Чтение не исполняет код пакета и не запускает его компоненты или подписки.",
                      ],
                      "sourceDigest": "9e50b2014e996a567a97f62095ae39ca5297772c2c9d975702fa2a9e4bddaa41",
                      "sourcePath": "/Users/zavx0z/repozitarium/storybook/archetypes/package/index.ts",
                    },
                    "index": {
                      "entries": [
                        {
                          "code": true,
                          "conditions": [],
                          "entrypoint": true,
                          "input": "./contract/input.ts",
                          "output": "./contract/output.ts",
                          "path": ".",
                          "status": "owned",
                          "target": "./index.ts",
                        },
                        {
                          "code": true,
                          "conditions": [],
                          "entrypoint": true,
                          "input": "./documentation/contract/input.ts",
                          "output": "./documentation/contract/output.ts",
                          "path": "./documentation",
                          "status": "owned",
                          "target": "./documentation/index.ts",
                        },
                        {
                          "code": true,
                          "conditions": [],
                          "entrypoint": true,
                          "input": "./package-json/contract/input.ts",
                          "output": "./package-json/contract/output.ts",
                          "path": "./package-json",
                          "status": "owned",
                          "target": "./package-json/index.ts",
                        },
                        {
                          "code": true,
                          "conditions": [],
                          "entrypoint": true,
                          "input": "./index/contract/input.ts",
                          "output": "./index/contract/output.ts",
                          "path": "./index",
                          "status": "owned",
                          "target": "./index/index.ts",
                        },
                      ],
                      "unchecked": [],
                    },
                    "packageJson": {
                      "description": "Объясняет и проверяет назначение пакета, принадлежность публичных входов и наличие их контрактов",
                      "exports": {
                        ".": "./index.ts",
                        "./documentation": "./documentation/index.ts",
                        "./index": "./index/index.ts",
                        "./package-json": "./package-json/index.ts",
                      },
                      "label": "Пакет",
                      "name": "@archetypes/package",
                    },
                  },
                },
                "source": [
                  "await readPackage({",
                  "  "path": "/Users/zavx0z/repozitarium/storybook/archetypes/package"",
                  "})",
                ],
              },
            ],
            "id": "0",
            "points": [
              {
                "content": [
                  "Пакет имеет собственное имя из package.json",
                  "Заданная подпись объясняет предмет пакета человеку",
                ],
                "title": "Назначение / Идентичность",
              },
              {
                "content": [
                  "Описание сообщает, для чего существует пакет",
                  "Корневой TSDoc раскрывает назначение и границы ответственности пакета",
                ],
                "title": "Назначение / Ответственность",
              },
              {
                "content": [
                  "Публичные пути объявлены самим пакетом",
                  "Каждый раскрытый вход показывает файл, условия и доступные контракты",
                ],
                "title": "Публичные входы / Объявленный состав",
              },
              {
                "content": "Все объявления этого примера входят в область файловой проверки",
                "title": "Публичные входы / Полнота раскрытия exports",
              },
              {
                "content": "Каждый открытый публичный путь ведёт к существующему файлу своего пакета",
                "title": "Публичные входы / Принадлежность файлов",
              },
              {
                "content": "Кодовый экспорт ведёт к index.ts или index.tsx сущности; служебные файлы не публикуются напрямую",
                "title": "Публичные входы / Вход самостоятельной сущности",
              },
              {
                "content": "Одна кодовая сущность имеет один публичный путь; условия одного пути не являются псевдонимами",
                "title": "Публичные входы / Отсутствие псевдонимов",
              },
              {
                "content": "У каждого входа примера есть contract/input.ts и contract/output.ts; наличие файла ещё не подтверждает содержание типов",
                "title": "Контракты / Вход и результат",
              },
              {
                "content": "Нужно проверить содержание типов и экспортов исходника; наличие файлов этого не доказывает",
                "title": "Контракты / Смысловая полнота контрактов и единственная основная исполняемая сущность",
              },
              {
                "content": "Время жизни состояния и освобождение подписок требуют отдельного поведенческого примера",
                "title": "Поведение и состояние / Компонент владеет порядком pipeline, состоянием, методами и подписками",
              },
              {
                "content": "Размещение мутирующих функций и Store ещё уточняется; файловое чтение не проверяет эффекты",
                "title": "Поведение и состояние / Функции обогащения изменяют только данные переданного объекта $, не добавляя методы и подписки",
              },
            ],
            "props": {
              "path": "/Users/zavx0z/repozitarium/storybook/archetypes/package",
            },
            "source": [
              "import {readPackage} from "@archetypes/package"",
              "",
              "await readPackage({",
              "  "path": "/Users/zavx0z/repozitarium/storybook/archetypes/package"",
              "})",
            ],
            "title": "Архетип пакета",
          },
        ],
      },
      "source": {
        "assertions": [
          {
            "actual": "result.packageJson.name",
            "inline": true,
            "location": {
              "column": 7,
              "line": 19,
              "path": "/Users/zavx0z/repozitarium/storybook/archetypes/package/spec/scenario.spec.ts",
            },
            "message": ""Пакет имеет собственное имя из package.json"",
          },
          {
            "actual": "result.packageJson.label",
            "inline": true,
            "location": {
              "column": 9,
              "line": 21,
              "path": "/Users/zavx0z/repozitarium/storybook/archetypes/package/spec/scenario.spec.ts",
            },
            "message": ""Заданная подпись объясняет предмет пакета человеку"",
          },
          {
            "actual": "result.packageJson.description",
            "inline": true,
            "location": {
              "column": 7,
              "line": 25,
              "path": "/Users/zavx0z/repozitarium/storybook/archetypes/package/spec/scenario.spec.ts",
            },
            "message": ""Описание сообщает, для чего существует пакет"",
          },
          {
            "actual": "result.documentation?.markdown",
            "inline": true,
            "location": {
              "column": 7,
              "line": 26,
              "path": "/Users/zavx0z/repozitarium/storybook/archetypes/package/spec/scenario.spec.ts",
            },
            "message": ""Корневой TSDoc раскрывает назначение и границы ответственности пакета"",
          },
          {
            "actual": "result.packageJson.exports",
            "inline": true,
            "location": {
              "column": 7,
              "line": 32,
              "path": "/Users/zavx0z/repozitarium/storybook/archetypes/package/spec/scenario.spec.ts",
            },
            "message": ""Публичные пути объявлены самим пакетом"",
          },
          {
            "actual": "result.index.entries",
            "inline": true,
            "location": {
              "column": 7,
              "line": 33,
              "path": "/Users/zavx0z/repozitarium/storybook/archetypes/package/spec/scenario.spec.ts",
            },
            "message": ""Каждый раскрытый вход показывает файл, условия и доступные контракты"",
          },
          {
            "actual": "result.index.unchecked",
            "inline": true,
            "location": {
              "column": 7,
              "line": 36,
              "path": "/Users/zavx0z/repozitarium/storybook/archetypes/package/spec/scenario.spec.ts",
            },
            "message": ""Все объявления этого примера входят в область файловой проверки"",
          },
          {
            "actual": "unavailable",
            "inline": true,
            "location": {
              "column": 7,
              "line": 40,
              "path": "/Users/zavx0z/repozitarium/storybook/archetypes/package/spec/scenario.spec.ts",
            },
            "message": ""Каждый открытый публичный путь ведёт к существующему файлу своего пакета"",
          },
          {
            "actual": "internal",
            "inline": true,
            "location": {
              "column": 7,
              "line": 44,
              "path": "/Users/zavx0z/repozitarium/storybook/archetypes/package/spec/scenario.spec.ts",
            },
            "message": ""Кодовый экспорт ведёт к index.ts или index.tsx сущности; служебные файлы не публикуются напрямую"",
          },
          {
            "actual": "aliases",
            "inline": true,
            "location": {
              "column": 7,
              "line": 50,
              "path": "/Users/zavx0z/repozitarium/storybook/archetypes/package/spec/scenario.spec.ts",
            },
            "message": ""Одна кодовая сущность имеет один публичный путь; условия одного пути не являются псевдонимами"",
          },
          {
            "actual": "missing",
            "inline": true,
            "location": {
              "column": 7,
              "line": 57,
              "path": "/Users/zavx0z/repozitarium/storybook/archetypes/package/spec/scenario.spec.ts",
            },
            "message": ""У каждого входа примера есть contract/input.ts и contract/output.ts; наличие файла ещё не подтверждает содержание типов"",
          },
          {
            "actual": "undefined",
            "inline": true,
            "location": {
              "column": 7,
              "line": 60,
              "path": "/Users/zavx0z/repozitarium/storybook/archetypes/package/spec/scenario.spec.ts",
            },
            "message": ""Нужно проверить содержание типов и экспортов исходника; наличие файлов этого не доказывает"",
          },
          {
            "actual": "undefined",
            "inline": true,
            "location": {
              "column": 7,
              "line": 66,
              "path": "/Users/zavx0z/repozitarium/storybook/archetypes/package/spec/scenario.spec.ts",
            },
            "message": ""Время жизни состояния и освобождение подписок требуют отдельного поведенческого примера"",
          },
          {
            "actual": "undefined",
            "inline": true,
            "location": {
              "column": 7,
              "line": 69,
              "path": "/Users/zavx0z/repozitarium/storybook/archetypes/package/spec/scenario.spec.ts",
            },
            "message": ""Размещение мутирующих функций и Store ещё уточняется; файловое чтение не проверяет эффекты"",
          },
        ],
        "checks": [
          {
            "explicitObject": false,
            "matcher": "toMatch",
            "source": "expect(result.packageJson.name, "Пакет имеет собственное имя из package.json").toMatch(/\\S/u)",
          },
          {
            "explicitObject": false,
            "matcher": "toMatch",
            "source": "expect(result.packageJson.label, "Заданная подпись объясняет предмет пакета человеку").toMatch(/\\S/u)",
          },
          {
            "explicitObject": false,
            "matcher": "toMatch",
            "source": "expect(result.packageJson.description, "Описание сообщает, для чего существует пакет").toMatch(/\\S/u)",
          },
          {
            "explicitObject": false,
            "matcher": "toMatch",
            "source": "expect(result.documentation?.markdown, "Корневой TSDoc раскрывает назначение и границы ответственности пакета").toMatch(/\\S/u)",
          },
          {
            "explicitObject": false,
            "matcher": "toBeObject",
            "source": "expect(result.packageJson.exports, "Публичные пути объявлены самим пакетом").toBeObject()",
          },
          {
            "explicitObject": false,
            "matcher": "toBeArray",
            "source": "expect(result.index.entries, "Каждый раскрытый вход показывает файл, условия и доступные контракты").toBeArray()",
          },
          {
            "explicitObject": false,
            "matcher": "toEqual",
            "source": "expect(result.index.unchecked, "Все объявления этого примера входят в область файловой проверки").toEqual([])",
          },
          {
            "explicitObject": false,
            "matcher": "toEqual",
            "source": "expect(unavailable, "Каждый открытый публичный путь ведёт к существующему файлу своего пакета").toEqual([])",
          },
          {
            "explicitObject": false,
            "matcher": "toEqual",
            "source": "expect(internal, "Кодовый экспорт ведёт к index.ts или index.tsx сущности; служебные файлы не публикуются напрямую").toEqual([])",
          },
          {
            "explicitObject": false,
            "matcher": "toEqual",
            "source": "expect(aliases, "Одна кодовая сущность имеет один публичный путь; условия одного пути не являются псевдонимами").toEqual([])",
          },
          {
            "explicitObject": false,
            "matcher": "toEqual",
            "source": "expect(missing, "У каждого входа примера есть contract/input.ts и contract/output.ts; наличие файла ещё не подтверждает содержание типов").toEqual([])",
          },
          {
            "explicitObject": false,
            "matcher": "toBeDefined",
            "source": "expect(undefined, "Нужно проверить содержание типов и экспортов исходника; наличие файлов этого не доказывает").toBeDefined()",
          },
          {
            "explicitObject": false,
            "matcher": "toBeDefined",
            "source": "expect(undefined, "Время жизни состояния и освобождение подписок требуют отдельного поведенческого примера").toBeDefined()",
          },
          {
            "explicitObject": false,
            "matcher": "toBeDefined",
            "source": "expect(undefined, "Размещение мутирующих функций и Store ещё уточняется; файловое чтение не проверяет эффекты").toBeDefined()",
          },
        ],
        "groups": [
          {
            "depth": 0,
            "each": true,
            "header": [
              "describe.each([",
              "  {name: "Архетип пакета", props: {path: resolve(import.meta.dir, "..")}},",
              "])("$name", async ({props}) => ",
            ],
            "setup": "const result = await readPackage(props)",
            "source": [
              "describe.each([",
              "  {name: "Архетип пакета", props: {path: resolve(import.meta.dir, "..")}},",
              "])("$name", async ({props}) => {",
              "  const result = await readPackage(props)",
              "",
              "  describe("Назначение", () => {",
              "    test("Идентичность", () => {",
              "      expect(result.packageJson.name, "Пакет имеет собственное имя из package.json").toMatch(/\\S/u)",
              "      if (result.packageJson.label !== undefined) {",
              "        expect(result.packageJson.label, "Заданная подпись объясняет предмет пакета человеку").toMatch(/\\S/u)",
              "      }",
              "    })",
              "    test("Ответственность", () => {",
              "      expect(result.packageJson.description, "Описание сообщает, для чего существует пакет").toMatch(/\\S/u)",
              "      expect(result.documentation?.markdown, "Корневой TSDoc раскрывает назначение и границы ответственности пакета").toMatch(/\\S/u)",
              "    })",
              "  })",
              "",
              "  describe("Публичные входы", () => {",
              "    test("Объявленный состав", () => {",
              "      expect(result.packageJson.exports, "Публичные пути объявлены самим пакетом").toBeObject()",
              "      expect(result.index.entries, "Каждый раскрытый вход показывает файл, условия и доступные контракты").toBeArray()",
              "    })",
              "    test.todoIf(result.index.unchecked.length > 0)("Полнота раскрытия exports", () => {",
              "      expect(result.index.unchecked, "Все объявления этого примера входят в область файловой проверки").toEqual([])",
              "    })",
              "    test("Принадлежность файлов", () => {",
              "      const unavailable = result.index.entries.filter(entry => entry.status !== "owned" && entry.status !== "blocked")",
              "      expect(unavailable, "Каждый открытый публичный путь ведёт к существующему файлу своего пакета").toEqual([])",
              "    })",
              "    test("Вход самостоятельной сущности", () => {",
              "      const internal = result.index.entries.filter(entry => entry.code && !entry.entrypoint)",
              "      expect(internal, "Кодовый экспорт ведёт к index.ts или index.tsx сущности; служебные файлы не публикуются напрямую").toEqual([])",
              "    })",
              "    test("Отсутствие псевдонимов", () => {",
              "      const aliases = result.index.entries.filter(entry => entry.code && entry.target !== null && result.index.entries.some(other =>",
              "        other.path !== entry.path && other.target !== null && resolve(props.path, other.target) === resolve(props.path, entry.target!),",
              "      ))",
              "      expect(aliases, "Одна кодовая сущность имеет один публичный путь; условия одного пути не являются псевдонимами").toEqual([])",
              "    })",
              "  })",
              "",
              "  describe("Контракты", () => {",
              "    test("Вход и результат", () => {",
              "      const missing = result.index.entries.filter(entry => entry.code && entry.entrypoint && (entry.input === null || entry.output === null))",
              "      expect(missing, "У каждого входа примера есть contract/input.ts и contract/output.ts; наличие файла ещё не подтверждает содержание типов").toEqual([])",
              "    })",
              "    test.todo("Смысловая полнота контрактов и единственная основная исполняемая сущность", () => {",
              "      expect(undefined, "Нужно проверить содержание типов и экспортов исходника; наличие файлов этого не доказывает").toBeDefined()",
              "    })",
              "  })",
              "",
              "  describe("Поведение и состояние", () => {",
              "    test.todo("Компонент владеет порядком pipeline, состоянием, методами и подписками", () => {",
              "      expect(undefined, "Время жизни состояния и освобождение подписок требуют отдельного поведенческого примера").toBeDefined()",
              "    })",
              "    test.todo("Функции обогащения изменяют только данные переданного объекта $, не добавляя методы и подписки", () => {",
              "      expect(undefined, "Размещение мутирующих функций и Store ещё уточняется; файловое чтение не проверяет эффекты").toBeDefined()",
              "    })",
              "  })",
              "})",
            ],
          },
          {
            "depth": 1,
            "each": false,
            "header": "describe("Назначение", () => ",
            "setup": "",
            "source": [
              "describe("Назначение", () => {",
              "  test("Идентичность", () => {",
              "    expect(result.packageJson.name, "Пакет имеет собственное имя из package.json").toMatch(/\\S/u)",
              "    if (result.packageJson.label !== undefined) {",
              "      expect(result.packageJson.label, "Заданная подпись объясняет предмет пакета человеку").toMatch(/\\S/u)",
              "    }",
              "  })",
              "  test("Ответственность", () => {",
              "    expect(result.packageJson.description, "Описание сообщает, для чего существует пакет").toMatch(/\\S/u)",
              "    expect(result.documentation?.markdown, "Корневой TSDoc раскрывает назначение и границы ответственности пакета").toMatch(/\\S/u)",
              "  })",
              "})",
            ],
          },
          {
            "depth": 1,
            "each": false,
            "header": "describe("Публичные входы", () => ",
            "setup": "",
            "source": [
              "describe("Публичные входы", () => {",
              "  test("Объявленный состав", () => {",
              "    expect(result.packageJson.exports, "Публичные пути объявлены самим пакетом").toBeObject()",
              "    expect(result.index.entries, "Каждый раскрытый вход показывает файл, условия и доступные контракты").toBeArray()",
              "  })",
              "  test.todoIf(result.index.unchecked.length > 0)("Полнота раскрытия exports", () => {",
              "    expect(result.index.unchecked, "Все объявления этого примера входят в область файловой проверки").toEqual([])",
              "  })",
              "  test("Принадлежность файлов", () => {",
              "    const unavailable = result.index.entries.filter(entry => entry.status !== "owned" && entry.status !== "blocked")",
              "    expect(unavailable, "Каждый открытый публичный путь ведёт к существующему файлу своего пакета").toEqual([])",
              "  })",
              "  test("Вход самостоятельной сущности", () => {",
              "    const internal = result.index.entries.filter(entry => entry.code && !entry.entrypoint)",
              "    expect(internal, "Кодовый экспорт ведёт к index.ts или index.tsx сущности; служебные файлы не публикуются напрямую").toEqual([])",
              "  })",
              "  test("Отсутствие псевдонимов", () => {",
              "    const aliases = result.index.entries.filter(entry => entry.code && entry.target !== null && result.index.entries.some(other =>",
              "      other.path !== entry.path && other.target !== null && resolve(props.path, other.target) === resolve(props.path, entry.target!),",
              "    ))",
              "    expect(aliases, "Одна кодовая сущность имеет один публичный путь; условия одного пути не являются псевдонимами").toEqual([])",
              "  })",
              "})",
            ],
          },
          {
            "depth": 1,
            "each": false,
            "header": "describe("Контракты", () => ",
            "setup": "",
            "source": [
              "describe("Контракты", () => {",
              "  test("Вход и результат", () => {",
              "    const missing = result.index.entries.filter(entry => entry.code && entry.entrypoint && (entry.input === null || entry.output === null))",
              "    expect(missing, "У каждого входа примера есть contract/input.ts и contract/output.ts; наличие файла ещё не подтверждает содержание типов").toEqual([])",
              "  })",
              "  test.todo("Смысловая полнота контрактов и единственная основная исполняемая сущность", () => {",
              "    expect(undefined, "Нужно проверить содержание типов и экспортов исходника; наличие файлов этого не доказывает").toBeDefined()",
              "  })",
              "})",
            ],
          },
          {
            "depth": 1,
            "each": false,
            "header": "describe("Поведение и состояние", () => ",
            "setup": "",
            "source": [
              "describe("Поведение и состояние", () => {",
              "  test.todo("Компонент владеет порядком pipeline, состоянием, методами и подписками", () => {",
              "    expect(undefined, "Время жизни состояния и освобождение подписок требуют отдельного поведенческого примера").toBeDefined()",
              "  })",
              "  test.todo("Функции обогащения изменяют только данные переданного объекта $, не добавляя методы и подписки", () => {",
              "    expect(undefined, "Размещение мутирующих функций и Store ещё уточняется; файловое чтение не проверяет эффекты").toBeDefined()",
              "  })",
              "})",
            ],
          },
        ],
        "hooks": [],
        "imports": [
          "bun:test",
          "node:path",
          "@archetypes/package",
        ],
        "native": [
          "describe",
          "expect",
          "test",
        ],
        "path": "/Users/zavx0z/repozitarium/storybook/archetypes/package/spec/scenario.spec.ts",
        "registrations": [
          {
            "depth": 0,
            "kind": "describe",
            "label": ""$name"",
            "location": {
              "column": 1,
              "line": 12,
              "path": "/Users/zavx0z/repozitarium/storybook/archetypes/package/spec/scenario.spec.ts",
            },
            "modifiers": [
              "each",
            ],
            "remarks": null,
            "scope": "module",
          },
          {
            "depth": 1,
            "kind": "describe",
            "label": ""Назначение"",
            "location": {
              "column": 3,
              "line": 17,
              "path": "/Users/zavx0z/repozitarium/storybook/archetypes/package/spec/scenario.spec.ts",
            },
            "modifiers": [],
            "remarks": null,
            "scope": "native",
          },
          {
            "depth": 2,
            "kind": "test",
            "label": ""Идентичность"",
            "location": {
              "column": 5,
              "line": 18,
              "path": "/Users/zavx0z/repozitarium/storybook/archetypes/package/spec/scenario.spec.ts",
            },
            "modifiers": [],
            "remarks": null,
            "scope": "native",
          },
          {
            "depth": 2,
            "kind": "test",
            "label": ""Ответственность"",
            "location": {
              "column": 5,
              "line": 24,
              "path": "/Users/zavx0z/repozitarium/storybook/archetypes/package/spec/scenario.spec.ts",
            },
            "modifiers": [],
            "remarks": null,
            "scope": "native",
          },
          {
            "depth": 1,
            "kind": "describe",
            "label": ""Публичные входы"",
            "location": {
              "column": 3,
              "line": 30,
              "path": "/Users/zavx0z/repozitarium/storybook/archetypes/package/spec/scenario.spec.ts",
            },
            "modifiers": [],
            "remarks": null,
            "scope": "native",
          },
          {
            "depth": 2,
            "kind": "test",
            "label": ""Объявленный состав"",
            "location": {
              "column": 5,
              "line": 31,
              "path": "/Users/zavx0z/repozitarium/storybook/archetypes/package/spec/scenario.spec.ts",
            },
            "modifiers": [],
            "remarks": null,
            "scope": "native",
          },
          {
            "depth": 2,
            "kind": "test",
            "label": ""Полнота раскрытия exports"",
            "location": {
              "column": 5,
              "line": 35,
              "path": "/Users/zavx0z/repozitarium/storybook/archetypes/package/spec/scenario.spec.ts",
            },
            "modifiers": [
              "todoIf",
            ],
            "remarks": null,
            "scope": "native",
          },
          {
            "depth": 2,
            "kind": "test",
            "label": ""Принадлежность файлов"",
            "location": {
              "column": 5,
              "line": 38,
              "path": "/Users/zavx0z/repozitarium/storybook/archetypes/package/spec/scenario.spec.ts",
            },
            "modifiers": [],
            "remarks": null,
            "scope": "native",
          },
          {
            "depth": 2,
            "kind": "test",
            "label": ""Вход самостоятельной сущности"",
            "location": {
              "column": 5,
              "line": 42,
              "path": "/Users/zavx0z/repozitarium/storybook/archetypes/package/spec/scenario.spec.ts",
            },
            "modifiers": [],
            "remarks": null,
            "scope": "native",
          },
          {
            "depth": 2,
            "kind": "test",
            "label": ""Отсутствие псевдонимов"",
            "location": {
              "column": 5,
              "line": 46,
              "path": "/Users/zavx0z/repozitarium/storybook/archetypes/package/spec/scenario.spec.ts",
            },
            "modifiers": [],
            "remarks": null,
            "scope": "native",
          },
          {
            "depth": 1,
            "kind": "describe",
            "label": ""Контракты"",
            "location": {
              "column": 3,
              "line": 54,
              "path": "/Users/zavx0z/repozitarium/storybook/archetypes/package/spec/scenario.spec.ts",
            },
            "modifiers": [],
            "remarks": null,
            "scope": "native",
          },
          {
            "depth": 2,
            "kind": "test",
            "label": ""Вход и результат"",
            "location": {
              "column": 5,
              "line": 55,
              "path": "/Users/zavx0z/repozitarium/storybook/archetypes/package/spec/scenario.spec.ts",
            },
            "modifiers": [],
            "remarks": null,
            "scope": "native",
          },
          {
            "depth": 2,
            "kind": "test",
            "label": ""Смысловая полнота контрактов и единственная основная исполняемая сущность"",
            "location": {
              "column": 5,
              "line": 59,
              "path": "/Users/zavx0z/repozitarium/storybook/archetypes/package/spec/scenario.spec.ts",
            },
            "modifiers": [
              "todo",
            ],
            "remarks": null,
            "scope": "native",
          },
          {
            "depth": 1,
            "kind": "describe",
            "label": ""Поведение и состояние"",
            "location": {
              "column": 3,
              "line": 64,
              "path": "/Users/zavx0z/repozitarium/storybook/archetypes/package/spec/scenario.spec.ts",
            },
            "modifiers": [],
            "remarks": null,
            "scope": "native",
          },
          {
            "depth": 2,
            "kind": "test",
            "label": ""Компонент владеет порядком pipeline, состоянием, методами и подписками"",
            "location": {
              "column": 5,
              "line": 65,
              "path": "/Users/zavx0z/repozitarium/storybook/archetypes/package/spec/scenario.spec.ts",
            },
            "modifiers": [
              "todo",
            ],
            "remarks": null,
            "scope": "native",
          },
          {
            "depth": 2,
            "kind": "test",
            "label": ""Функции обогащения изменяют только данные переданного объекта $, не добавляя методы и подписки"",
            "location": {
              "column": 5,
              "line": 68,
              "path": "/Users/zavx0z/repozitarium/storybook/archetypes/package/spec/scenario.spec.ts",
            },
            "modifiers": [
              "todo",
            ],
            "remarks": null,
            "scope": "native",
          },
        ],
        "tests": [
          {
            "assertions": 2,
            "each": false,
            "label": ""Идентичность"",
            "location": {
              "column": 5,
              "line": 18,
              "path": "/Users/zavx0z/repozitarium/storybook/archetypes/package/spec/scenario.spec.ts",
            },
            "skippable": false,
            "source": [
              "test("Идентичность", () => {",
              "  expect(result.packageJson.name, "Пакет имеет собственное имя из package.json").toMatch(/\\S/u)",
              "  if (result.packageJson.label !== undefined) {",
              "    expect(result.packageJson.label, "Заданная подпись объясняет предмет пакета человеку").toMatch(/\\S/u)",
              "  }",
              "})",
            ],
            "todo": false,
          },
          {
            "assertions": 2,
            "each": false,
            "label": ""Ответственность"",
            "location": {
              "column": 5,
              "line": 24,
              "path": "/Users/zavx0z/repozitarium/storybook/archetypes/package/spec/scenario.spec.ts",
            },
            "skippable": false,
            "source": [
              "test("Ответственность", () => {",
              "  expect(result.packageJson.description, "Описание сообщает, для чего существует пакет").toMatch(/\\S/u)",
              "  expect(result.documentation?.markdown, "Корневой TSDoc раскрывает назначение и границы ответственности пакета").toMatch(/\\S/u)",
              "})",
            ],
            "todo": false,
          },
          {
            "assertions": 2,
            "each": false,
            "label": ""Объявленный состав"",
            "location": {
              "column": 5,
              "line": 31,
              "path": "/Users/zavx0z/repozitarium/storybook/archetypes/package/spec/scenario.spec.ts",
            },
            "skippable": false,
            "source": [
              "test("Объявленный состав", () => {",
              "  expect(result.packageJson.exports, "Публичные пути объявлены самим пакетом").toBeObject()",
              "  expect(result.index.entries, "Каждый раскрытый вход показывает файл, условия и доступные контракты").toBeArray()",
              "})",
            ],
            "todo": false,
          },
          {
            "assertions": 1,
            "each": false,
            "label": ""Полнота раскрытия exports"",
            "location": {
              "column": 5,
              "line": 35,
              "path": "/Users/zavx0z/repozitarium/storybook/archetypes/package/spec/scenario.spec.ts",
            },
            "skippable": false,
            "source": [
              "test.todoIf(result.index.unchecked.length > 0)("Полнота раскрытия exports", () => {",
              "  expect(result.index.unchecked, "Все объявления этого примера входят в область файловой проверки").toEqual([])",
              "})",
            ],
            "todo": true,
          },
          {
            "assertions": 1,
            "each": false,
            "label": ""Принадлежность файлов"",
            "location": {
              "column": 5,
              "line": 38,
              "path": "/Users/zavx0z/repozitarium/storybook/archetypes/package/spec/scenario.spec.ts",
            },
            "skippable": false,
            "source": [
              "test("Принадлежность файлов", () => {",
              "  const unavailable = result.index.entries.filter(entry => entry.status !== "owned" && entry.status !== "blocked")",
              "  expect(unavailable, "Каждый открытый публичный путь ведёт к существующему файлу своего пакета").toEqual([])",
              "})",
            ],
            "todo": false,
          },
          {
            "assertions": 1,
            "each": false,
            "label": ""Вход самостоятельной сущности"",
            "location": {
              "column": 5,
              "line": 42,
              "path": "/Users/zavx0z/repozitarium/storybook/archetypes/package/spec/scenario.spec.ts",
            },
            "skippable": false,
            "source": [
              "test("Вход самостоятельной сущности", () => {",
              "  const internal = result.index.entries.filter(entry => entry.code && !entry.entrypoint)",
              "  expect(internal, "Кодовый экспорт ведёт к index.ts или index.tsx сущности; служебные файлы не публикуются напрямую").toEqual([])",
              "})",
            ],
            "todo": false,
          },
          {
            "assertions": 1,
            "each": false,
            "label": ""Отсутствие псевдонимов"",
            "location": {
              "column": 5,
              "line": 46,
              "path": "/Users/zavx0z/repozitarium/storybook/archetypes/package/spec/scenario.spec.ts",
            },
            "skippable": false,
            "source": [
              "test("Отсутствие псевдонимов", () => {",
              "  const aliases = result.index.entries.filter(entry => entry.code && entry.target !== null && result.index.entries.some(other =>",
              "    other.path !== entry.path && other.target !== null && resolve(props.path, other.target) === resolve(props.path, entry.target!),",
              "  ))",
              "  expect(aliases, "Одна кодовая сущность имеет один публичный путь; условия одного пути не являются псевдонимами").toEqual([])",
              "})",
            ],
            "todo": false,
          },
          {
            "assertions": 1,
            "each": false,
            "label": ""Вход и результат"",
            "location": {
              "column": 5,
              "line": 55,
              "path": "/Users/zavx0z/repozitarium/storybook/archetypes/package/spec/scenario.spec.ts",
            },
            "skippable": false,
            "source": [
              "test("Вход и результат", () => {",
              "  const missing = result.index.entries.filter(entry => entry.code && entry.entrypoint && (entry.input === null || entry.output === null))",
              "  expect(missing, "У каждого входа примера есть contract/input.ts и contract/output.ts; наличие файла ещё не подтверждает содержание типов").toEqual([])",
              "})",
            ],
            "todo": false,
          },
          {
            "assertions": 1,
            "each": false,
            "label": ""Смысловая полнота контрактов и единственная основная исполняемая сущность"",
            "location": {
              "column": 5,
              "line": 59,
              "path": "/Users/zavx0z/repozitarium/storybook/archetypes/package/spec/scenario.spec.ts",
            },
            "skippable": false,
            "source": [
              "test.todo("Смысловая полнота контрактов и единственная основная исполняемая сущность", () => {",
              "  expect(undefined, "Нужно проверить содержание типов и экспортов исходника; наличие файлов этого не доказывает").toBeDefined()",
              "})",
            ],
            "todo": true,
          },
          {
            "assertions": 1,
            "each": false,
            "label": ""Компонент владеет порядком pipeline, состоянием, методами и подписками"",
            "location": {
              "column": 5,
              "line": 65,
              "path": "/Users/zavx0z/repozitarium/storybook/archetypes/package/spec/scenario.spec.ts",
            },
            "skippable": false,
            "source": [
              "test.todo("Компонент владеет порядком pipeline, состоянием, методами и подписками", () => {",
              "  expect(undefined, "Время жизни состояния и освобождение подписок требуют отдельного поведенческого примера").toBeDefined()",
              "})",
            ],
            "todo": true,
          },
          {
            "assertions": 1,
            "each": false,
            "label": ""Функции обогащения изменяют только данные переданного объекта $, не добавляя методы и подписки"",
            "location": {
              "column": 5,
              "line": 68,
              "path": "/Users/zavx0z/repozitarium/storybook/archetypes/package/spec/scenario.spec.ts",
            },
            "skippable": false,
            "source": [
              "test.todo("Функции обогащения изменяют только данные переданного объекта $, не добавляя методы и подписки", () => {",
              "  expect(undefined, "Размещение мутирующих функций и Store ещё уточняется; файловое чтение не проверяет эффекты").toBeDefined()",
              "})",
            ],
            "todo": true,
          },
        ],
        "text": [
          "/**",
          "Показывает и проверяет публичный состав пакета на собственном примере Archetypes.",
          "props.path позволяет применить те же проверки к другому пакету.",
          "Файловая полнота не доказывает смысловую правильность компонента и его состояния.",
          "",
          "@packageDocumentation",
          "*/",
          "import {describe, expect, test} from "bun:test"",
          "import {resolve} from "node:path"",
          "import {readPackage} from "@archetypes/package"",
          "",
          "describe.each([",
          "  {name: "Архетип пакета", props: {path: resolve(import.meta.dir, "..")}},",
          "])("$name", async ({props}) => {",
          "  const result = await readPackage(props)",
          "",
          "  describe("Назначение", () => {",
          "    test("Идентичность", () => {",
          "      expect(result.packageJson.name, "Пакет имеет собственное имя из package.json").toMatch(/\\S/u)",
          "      if (result.packageJson.label !== undefined) {",
          "        expect(result.packageJson.label, "Заданная подпись объясняет предмет пакета человеку").toMatch(/\\S/u)",
          "      }",
          "    })",
          "    test("Ответственность", () => {",
          "      expect(result.packageJson.description, "Описание сообщает, для чего существует пакет").toMatch(/\\S/u)",
          "      expect(result.documentation?.markdown, "Корневой TSDoc раскрывает назначение и границы ответственности пакета").toMatch(/\\S/u)",
          "    })",
          "  })",
          "",
          "  describe("Публичные входы", () => {",
          "    test("Объявленный состав", () => {",
          "      expect(result.packageJson.exports, "Публичные пути объявлены самим пакетом").toBeObject()",
          "      expect(result.index.entries, "Каждый раскрытый вход показывает файл, условия и доступные контракты").toBeArray()",
          "    })",
          "    test.todoIf(result.index.unchecked.length > 0)("Полнота раскрытия exports", () => {",
          "      expect(result.index.unchecked, "Все объявления этого примера входят в область файловой проверки").toEqual([])",
          "    })",
          "    test("Принадлежность файлов", () => {",
          "      const unavailable = result.index.entries.filter(entry => entry.status !== "owned" && entry.status !== "blocked")",
          "      expect(unavailable, "Каждый открытый публичный путь ведёт к существующему файлу своего пакета").toEqual([])",
          "    })",
          "    test("Вход самостоятельной сущности", () => {",
          "      const internal = result.index.entries.filter(entry => entry.code && !entry.entrypoint)",
          "      expect(internal, "Кодовый экспорт ведёт к index.ts или index.tsx сущности; служебные файлы не публикуются напрямую").toEqual([])",
          "    })",
          "    test("Отсутствие псевдонимов", () => {",
          "      const aliases = result.index.entries.filter(entry => entry.code && entry.target !== null && result.index.entries.some(other =>",
          "        other.path !== entry.path && other.target !== null && resolve(props.path, other.target) === resolve(props.path, entry.target!),",
          "      ))",
          "      expect(aliases, "Одна кодовая сущность имеет один публичный путь; условия одного пути не являются псевдонимами").toEqual([])",
          "    })",
          "  })",
          "",
          "  describe("Контракты", () => {",
          "    test("Вход и результат", () => {",
          "      const missing = result.index.entries.filter(entry => entry.code && entry.entrypoint && (entry.input === null || entry.output === null))",
          "      expect(missing, "У каждого входа примера есть contract/input.ts и contract/output.ts; наличие файла ещё не подтверждает содержание типов").toEqual([])",
          "    })",
          "    test.todo("Смысловая полнота контрактов и единственная основная исполняемая сущность", () => {",
          "      expect(undefined, "Нужно проверить содержание типов и экспортов исходника; наличие файлов этого не доказывает").toBeDefined()",
          "    })",
          "  })",
          "",
          "  describe("Поведение и состояние", () => {",
          "    test.todo("Компонент владеет порядком pipeline, состоянием, методами и подписками", () => {",
          "      expect(undefined, "Время жизни состояния и освобождение подписок требуют отдельного поведенческого примера").toBeDefined()",
          "    })",
          "    test.todo("Функции обогащения изменяют только данные переданного объекта $, не добавляя методы и подписки", () => {",
          "      expect(undefined, "Размещение мутирующих функций и Store ещё уточняется; файловое чтение не проверяет эффекты").toBeDefined()",
          "    })",
          "  })",
          "})",
          "",
        ],
      },
      "stderr": [
        "",
        "spec/scenario.spec.ts:",
        "(pass) Архетип пакета > Назначение > Идентичность",
        "(pass) Архетип пакета > Назначение > Ответственность",
        "(pass) Архетип пакета > Публичные входы > Объявленный состав",
        "(pass) Архетип пакета > Публичные входы > Полнота раскрытия exports",
        "(pass) Архетип пакета > Публичные входы > Принадлежность файлов",
        "(pass) Архетип пакета > Публичные входы > Вход самостоятельной сущности",
        "(pass) Архетип пакета > Публичные входы > Отсутствие псевдонимов",
        "(pass) Архетип пакета > Контракты > Вход и результат",
        "(todo) Архетип пакета > Контракты > Смысловая полнота контрактов и единственная основная исполняемая сущность",
        "(todo) Архетип пакета > Поведение и состояние > Компонент владеет порядком pipeline, состоянием, методами и подписками",
        "(todo) Архетип пакета > Поведение и состояние > Функции обогащения изменяют только данные переданного объекта $, не добавляя методы и подписки",
        "",
        " 8 pass",
        " 3 todo",
        " 0 fail",
        " 11 expect() calls",
        "Ran 11 tests across 1 file.",
        "",
      ],
      "stdout": [
        "bun test v1.4.2 (744846f84)",
        "",
      ],
      "tests": [
        {
          "assertions": [
            {
              "customFailMessage": "Пакет имеет собственное имя из package.json",
              "location": {
                "column": 7,
                "line": 19,
                "path": "/Users/zavx0z/repozitarium/storybook/archetypes/package/spec/scenario.spec.ts",
              },
              "site": "expect:628",
              "source": "expect(result.packageJson.name, "Пакет имеет собственное имя из package.json")",
            },
            {
              "customFailMessage": "Заданная подпись объясняет предмет пакета человеку",
              "location": {
                "column": 9,
                "line": 21,
                "path": "/Users/zavx0z/repozitarium/storybook/archetypes/package/spec/scenario.spec.ts",
              },
              "site": "expect:782",
              "source": "expect(result.packageJson.label, "Заданная подпись объясняет предмет пакета человеку")",
            },
          ],
          "groupId": 1,
          "id": 0,
          "label": "Идентичность",
          "location": {
            "column": 5,
            "line": 18,
            "path": "/Users/zavx0z/repozitarium/storybook/archetypes/package/spec/scenario.spec.ts",
          },
          "message": null,
          "mode": "run",
          "skipReason": null,
          "status": "passed",
        },
        {
          "assertions": [
            {
              "customFailMessage": "Описание сообщает, для чего существует пакет",
              "location": {
                "column": 7,
                "line": 25,
                "path": "/Users/zavx0z/repozitarium/storybook/archetypes/package/spec/scenario.spec.ts",
              },
              "site": "expect:941",
              "source": "expect(result.packageJson.description, "Описание сообщает, для чего существует пакет")",
            },
            {
              "customFailMessage": "Корневой TSDoc раскрывает назначение и границы ответственности пакета",
              "location": {
                "column": 7,
                "line": 26,
                "path": "/Users/zavx0z/repozitarium/storybook/archetypes/package/spec/scenario.spec.ts",
              },
              "site": "expect:1049",
              "source": "expect(result.documentation?.markdown, "Корневой TSDoc раскрывает назначение и границы ответственности пакета")",
            },
          ],
          "groupId": 1,
          "id": 1,
          "label": "Ответственность",
          "location": {
            "column": 5,
            "line": 24,
            "path": "/Users/zavx0z/repozitarium/storybook/archetypes/package/spec/scenario.spec.ts",
          },
          "message": null,
          "mode": "run",
          "skipReason": null,
          "status": "passed",
        },
        {
          "assertions": [
            {
              "customFailMessage": "Публичные пути объявлены самим пакетом",
              "location": {
                "column": 7,
                "line": 32,
                "path": "/Users/zavx0z/repozitarium/storybook/archetypes/package/spec/scenario.spec.ts",
              },
              "site": "expect:1272",
              "source": "expect(result.packageJson.exports, "Публичные пути объявлены самим пакетом")",
            },
            {
              "customFailMessage": "Каждый раскрытый вход показывает файл, условия и доступные контракты",
              "location": {
                "column": 7,
                "line": 33,
                "path": "/Users/zavx0z/repozitarium/storybook/archetypes/package/spec/scenario.spec.ts",
              },
              "site": "expect:1368",
              "source": "expect(result.index.entries, "Каждый раскрытый вход показывает файл, условия и доступные контракты")",
            },
          ],
          "groupId": 2,
          "id": 2,
          "label": "Объявленный состав",
          "location": {
            "column": 5,
            "line": 31,
            "path": "/Users/zavx0z/repozitarium/storybook/archetypes/package/spec/scenario.spec.ts",
          },
          "message": null,
          "mode": "run",
          "skipReason": null,
          "status": "passed",
        },
        {
          "assertions": [
            {
              "customFailMessage": "Все объявления этого примера входят в область файловой проверки",
              "location": {
                "column": 7,
                "line": 36,
                "path": "/Users/zavx0z/repozitarium/storybook/archetypes/package/spec/scenario.spec.ts",
              },
              "site": "expect:1582",
              "source": "expect(result.index.unchecked, "Все объявления этого примера входят в область файловой проверки")",
            },
          ],
          "groupId": 2,
          "id": 3,
          "label": "Полнота раскрытия exports",
          "location": {
            "column": 5,
            "line": 35,
            "path": "/Users/zavx0z/repozitarium/storybook/archetypes/package/spec/scenario.spec.ts",
          },
          "message": null,
          "mode": "run",
          "skipReason": null,
          "status": "passed",
        },
        {
          "assertions": [
            {
              "customFailMessage": "Каждый открытый публичный путь ведёт к существующему файлу своего пакета",
              "location": {
                "column": 7,
                "line": 40,
                "path": "/Users/zavx0z/repozitarium/storybook/archetypes/package/spec/scenario.spec.ts",
              },
              "site": "expect:1866",
              "source": "expect(unavailable, "Каждый открытый публичный путь ведёт к существующему файлу своего пакета")",
            },
          ],
          "groupId": 2,
          "id": 4,
          "label": "Принадлежность файлов",
          "location": {
            "column": 5,
            "line": 38,
            "path": "/Users/zavx0z/repozitarium/storybook/archetypes/package/spec/scenario.spec.ts",
          },
          "message": null,
          "mode": "run",
          "skipReason": null,
          "status": "passed",
        },
        {
          "assertions": [
            {
              "customFailMessage": "Кодовый экспорт ведёт к index.ts или index.tsx сущности; служебные файлы не публикуются напрямую",
              "location": {
                "column": 7,
                "line": 44,
                "path": "/Users/zavx0z/repozitarium/storybook/archetypes/package/spec/scenario.spec.ts",
              },
              "site": "expect:2130",
              "source": "expect(internal, "Кодовый экспорт ведёт к index.ts или index.tsx сущности; служебные файлы не публикуются напрямую")",
            },
          ],
          "groupId": 2,
          "id": 5,
          "label": "Вход самостоятельной сущности",
          "location": {
            "column": 5,
            "line": 42,
            "path": "/Users/zavx0z/repozitarium/storybook/archetypes/package/spec/scenario.spec.ts",
          },
          "message": null,
          "mode": "run",
          "skipReason": null,
          "status": "passed",
        },
        {
          "assertions": [
            {
              "customFailMessage": "Одна кодовая сущность имеет один публичный путь; условия одного пути не являются псевдонимами",
              "location": {
                "column": 7,
                "line": 50,
                "path": "/Users/zavx0z/repozitarium/storybook/archetypes/package/spec/scenario.spec.ts",
              },
              "site": "expect:2593",
              "source": "expect(aliases, "Одна кодовая сущность имеет один публичный путь; условия одного пути не являются псевдонимами")",
            },
          ],
          "groupId": 2,
          "id": 6,
          "label": "Отсутствие псевдонимов",
          "location": {
            "column": 5,
            "line": 46,
            "path": "/Users/zavx0z/repozitarium/storybook/archetypes/package/spec/scenario.spec.ts",
          },
          "message": null,
          "mode": "run",
          "skipReason": null,
          "status": "passed",
        },
        {
          "assertions": [
            {
              "customFailMessage": "У каждого входа примера есть contract/input.ts и contract/output.ts; наличие файла ещё не подтверждает содержание типов",
              "location": {
                "column": 7,
                "line": 57,
                "path": "/Users/zavx0z/repozitarium/storybook/archetypes/package/spec/scenario.spec.ts",
              },
              "site": "expect:2948",
              "source": "expect(missing, "У каждого входа примера есть contract/input.ts и contract/output.ts; наличие файла ещё не подтверждает содержание типов")",
            },
          ],
          "groupId": 3,
          "id": 7,
          "label": "Вход и результат",
          "location": {
            "column": 5,
            "line": 55,
            "path": "/Users/zavx0z/repozitarium/storybook/archetypes/package/spec/scenario.spec.ts",
          },
          "message": null,
          "mode": "run",
          "skipReason": null,
          "status": "passed",
        },
        {
          "assertions": [
            {
              "customFailMessage": "Нужно проверить содержание типов и экспортов исходника; наличие файлов этого не доказывает",
              "location": {
                "column": 7,
                "line": 60,
                "path": "/Users/zavx0z/repozitarium/storybook/archetypes/package/spec/scenario.spec.ts",
              },
              "site": "expect:3211",
              "source": "expect(undefined, "Нужно проверить содержание типов и экспортов исходника; наличие файлов этого не доказывает")",
            },
          ],
          "groupId": 3,
          "id": 8,
          "label": "Смысловая полнота контрактов и единственная основная исполняемая сущность",
          "location": {
            "column": 5,
            "line": 59,
            "path": "/Users/zavx0z/repozitarium/storybook/archetypes/package/spec/scenario.spec.ts",
          },
          "message": null,
          "mode": "todo",
          "skipReason": null,
          "status": "todo",
        },
        {
          "assertions": [
            {
              "customFailMessage": "Время жизни состояния и освобождение подписок требуют отдельного поведенческого примера",
              "location": {
                "column": 7,
                "line": 66,
                "path": "/Users/zavx0z/repozitarium/storybook/archetypes/package/spec/scenario.spec.ts",
              },
              "site": "expect:3496",
              "source": "expect(undefined, "Время жизни состояния и освобождение подписок требуют отдельного поведенческого примера")",
            },
          ],
          "groupId": 4,
          "id": 9,
          "label": "Компонент владеет порядком pipeline, состоянием, методами и подписками",
          "location": {
            "column": 5,
            "line": 65,
            "path": "/Users/zavx0z/repozitarium/storybook/archetypes/package/spec/scenario.spec.ts",
          },
          "message": null,
          "mode": "todo",
          "skipReason": null,
          "status": "todo",
        },
        {
          "assertions": [
            {
              "customFailMessage": "Размещение мутирующих функций и Store ещё уточняется; файловое чтение не проверяет эффекты",
              "location": {
                "column": 7,
                "line": 69,
                "path": "/Users/zavx0z/repozitarium/storybook/archetypes/package/spec/scenario.spec.ts",
              },
              "site": "expect:3752",
              "source": "expect(undefined, "Размещение мутирующих функций и Store ещё уточняется; файловое чтение не проверяет эффекты")",
            },
          ],
          "groupId": 4,
          "id": 10,
          "label": "Функции обогащения изменяют только данные переданного объекта $, не добавляя методы и подписки",
          "location": {
            "column": 5,
            "line": 68,
            "path": "/Users/zavx0z/repozitarium/storybook/archetypes/package/spec/scenario.spec.ts",
          },
          "message": null,
          "mode": "todo",
          "skipReason": null,
          "status": "todo",
        },
      ],
      "validation": {
        "checks": [
          {
            "issues": [],
            "rule": "native-api",
            "status": "passed",
          },
          {
            "issues": [],
            "rule": "file-location",
            "status": "passed",
          },
          {
            "issues": [],
            "rule": "parameterization",
            "status": "passed",
          },
          {
            "issues": [],
            "rule": "explicit-registration",
            "status": "passed",
          },
          {
            "issues": [],
            "rule": "inline-description",
            "status": "passed",
          },
          {
            "issues": [],
            "rule": "direct-execution",
            "status": "passed",
          },
          {
            "issues": [],
            "rule": "skip-description",
            "status": "passed",
          },
          {
            "issues": [],
            "rule": "assertions",
            "status": "passed",
          },
          {
            "issues": [],
            "rule": "variant-setup",
            "status": "passed",
          },
          {
            "issues": [],
            "rule": "execution",
            "status": "passed",
          },
          {
            "issues": [],
            "rule": "public-entry",
            "status": "not-checked",
          },
          {
            "issues": [],
            "rule": "fixture-ownership",
            "status": "not-checked",
          },
          {
            "issues": [],
            "rule": "result-dataflow",
            "status": "not-checked",
          },
          {
            "issues": [],
            "rule": "resource-cleanup",
            "status": "not-checked",
          },
          {
            "issues": [],
            "rule": "meaning",
            "status": "not-checked",
          },
        ],
        "status": "incomplete",
      },
    },
  },
}
`;
