// Bun Snapshot v1, https://bun.sh/docs/test/snapshots

exports[`Пакет Сохраняет результат чтения спецификации 1`] = `
{
  "result": {
    "scenario": {
      "assertions": [
        {
          "actual": {
            "packageJson": {
              "description": "Помогает решить, где разместить сущность, когда выделить пакет или категорию и как оформить ответственность, зависимости, контракты и проверки",
              "exports": {
                ".": "./index.ts",
                "./category": "./category/index.ts",
                "./entity": "./entity/index.ts",
                "./package": "./package/index.ts",
                "./repository": "./repository/index.ts",
                "./specs": "./specs/index.ts",
              },
              "label": "Правила структуры проектов",
              "name": "@storybook/archetypes",
            },
          },
          "customFailMessage": "readPackage должна возвращать результат чтения пакета",
          "describe": [
            "Корневой пакет",
          ],
          "error": null,
          "expected": [],
          "id": 0,
          "location": {
            "column": 5,
            "line": 27,
            "path": "/Users/zavx0z/repozitarium/storybook/archetypes/package/spec/scenario.spec.ts",
          },
          "matcher": "toBeDefined",
          "modifiers": [],
          "site": "expect:781",
          "status": "passed",
          "test": "Возвращает результат чтения пакета",
          "testId": 0,
        },
        {
          "actual": {
            "packageJson": {
              "description": "Зависимости, контракты, сценарии и фикстуры спецификаций",
              "exports": {
                ".": "./index.ts",
                "./contracts": "./contracts/index.ts",
                "./deps": "./deps/index.ts",
                "./fixtures": "./fixtures/index.ts",
                "./scenarios": "./scenarios/index.ts",
              },
              "label": "Спецификации",
              "name": "@archetypes/specs",
            },
          },
          "customFailMessage": "readPackage должна возвращать результат чтения пакета",
          "describe": [
            "Вложенный пакет",
          ],
          "error": null,
          "expected": [],
          "id": 1,
          "location": {
            "column": 5,
            "line": 27,
            "path": "/Users/zavx0z/repozitarium/storybook/archetypes/package/spec/scenario.spec.ts",
          },
          "matcher": "toBeDefined",
          "modifiers": [],
          "site": "expect:781",
          "status": "passed",
          "test": "Возвращает результат чтения пакета",
          "testId": 1,
        },
      ],
      "calls": [
        {
          "args": [
            {
              "path": "/Users/zavx0z/repozitarium/storybook/archetypes",
            },
          ],
          "completed": 0,
          "describe": [
            "Корневой пакет",
          ],
          "id": 0,
          "location": {
            "column": 24,
            "line": 24,
            "path": "/Users/zavx0z/repozitarium/storybook/archetypes/package/spec/scenario.spec.ts",
          },
          "module": "/Users/zavx0z/repozitarium/storybook/archetypes/package/index.ts",
          "name": "readPackage",
          "outcome": {
            "type": "resolve",
            "value": {
              "packageJson": {
                "description": "Помогает решить, где разместить сущность, когда выделить пакет или категорию и как оформить ответственность, зависимости, контракты и проверки",
                "exports": {
                  ".": "./index.ts",
                  "./category": "./category/index.ts",
                  "./entity": "./entity/index.ts",
                  "./package": "./package/index.ts",
                  "./repository": "./repository/index.ts",
                  "./specs": "./specs/index.ts",
                },
                "label": "Правила структуры проектов",
                "name": "@storybook/archetypes",
              },
            },
          },
          "test": null,
        },
        {
          "args": [
            {
              "path": "/Users/zavx0z/repozitarium/storybook/archetypes/specs",
            },
          ],
          "completed": 1,
          "describe": [
            "Вложенный пакет",
          ],
          "id": 1,
          "location": {
            "column": 24,
            "line": 24,
            "path": "/Users/zavx0z/repozitarium/storybook/archetypes/package/spec/scenario.spec.ts",
          },
          "module": "/Users/zavx0z/repozitarium/storybook/archetypes/package/index.ts",
          "name": "readPackage",
          "outcome": {
            "type": "resolve",
            "value": {
              "packageJson": {
                "description": "Зависимости, контракты, сценарии и фикстуры спецификаций",
                "exports": {
                  ".": "./index.ts",
                  "./contracts": "./contracts/index.ts",
                  "./deps": "./deps/index.ts",
                  "./fixtures": "./fixtures/index.ts",
                  "./scenarios": "./scenarios/index.ts",
                },
                "label": "Спецификации",
                "name": "@archetypes/specs",
              },
            },
          },
          "test": null,
        },
      ],
      "exitCode": 0,
      "groups": [
        {
          "id": 0,
          "label": "Корневой пакет",
          "location": {
            "column": 1,
            "line": 8,
            "path": "/Users/zavx0z/repozitarium/storybook/archetypes/package/spec/scenario.spec.ts",
          },
          "mode": "run",
          "parameters": {
            "fail": "Корневой пакет должен непосредственно принадлежать репозиторию",
            "name": "Корневой пакет",
            "props": {
              "path": "/Users/zavx0z/repozitarium/storybook/archetypes",
            },
          },
          "parentId": null,
          "skipReason": null,
        },
        {
          "id": 1,
          "label": "Вложенный пакет",
          "location": {
            "column": 1,
            "line": 8,
            "path": "/Users/zavx0z/repozitarium/storybook/archetypes/package/spec/scenario.spec.ts",
          },
          "mode": "run",
          "parameters": {
            "fail": "Вложенный пакет должен непосредственно принадлежать содержащему его пакету",
            "name": "Вложенный пакет",
            "props": {
              "path": "/Users/zavx0z/repozitarium/storybook/archetypes/specs",
            },
          },
          "parentId": null,
          "skipReason": null,
        },
      ],
      "junit": [
        "<?xml version="1.0" encoding="UTF-8"?>",
        "<testsuites name="bun test" tests="2" assertions="2" failures="0" skipped="0" time="<duration>">",
        "  <testsuite name="spec/scenario.spec.ts" file="spec/scenario.spec.ts" tests="2" assertions="2" failures="0" skipped="0" time="<duration>" hostname="repositarium">",
        "    <testsuite name="Корневой пакет" file="spec/scenario.spec.ts" line="82" tests="1" assertions="1" failures="0" skipped="0" time="<duration>" hostname="repositarium">",
        "      <testcase name="Возвращает результат чтения пакета" classname="Корневой пакет" time="<duration>" file="spec/scenario.spec.ts" line="82" assertions="1" />",
        "    </testsuite>",
        "    <testsuite name="Вложенный пакет" file="spec/scenario.spec.ts" line="82" tests="1" assertions="1" failures="0" skipped="0" time="<duration>" hostname="repositarium">",
        "      <testcase name="Возвращает результат чтения пакета" classname="Вложенный пакет" time="<duration>" file="spec/scenario.spec.ts" line="82" assertions="1" />",
        "    </testsuite>",
        "  </testsuite>",
        "</testsuites>",
        "",
      ],
      "path": "/Users/zavx0z/repozitarium/storybook/archetypes/package/spec/scenario.spec.ts",
      "source": {
        "assertions": [
          {
            "actual": "result",
            "inline": true,
            "location": {
              "column": 5,
              "line": 27,
              "path": "/Users/zavx0z/repozitarium/storybook/archetypes/package/spec/scenario.spec.ts",
            },
            "message": ""readPackage должна возвращать результат чтения пакета"",
          },
        ],
        "checks": [
          {
            "explicitObject": false,
            "matcher": "toBeDefined",
            "source": "expect(result, "readPackage должна возвращать результат чтения пакета").toBeDefined()",
          },
        ],
        "groups": [
          {
            "depth": 0,
            "each": true,
            "header": 
"describe.each([
  {
    name: "Корневой пакет",
    fail: "Корневой пакет должен непосредственно принадлежать репозиторию",
    props: {
      path: inputPath ?? packagePath("."),
    },
  },
  {
    name: "Вложенный пакет",
    fail: "Вложенный пакет должен непосредственно принадлежать содержащему его пакету",
    props: {
      path: inputPath ?? packagePath("specs"),
    },
  },
])("$name", async ({props}) => "
,
            "setup": "const result = await readPackage(props)",
            "source": 
"describe.each([
  {
    name: "Корневой пакет",
    fail: "Корневой пакет должен непосредственно принадлежать репозиторию",
    props: {
      path: inputPath ?? packagePath("."),
    },
  },
  {
    name: "Вложенный пакет",
    fail: "Вложенный пакет должен непосредственно принадлежать содержащему его пакету",
    props: {
      path: inputPath ?? packagePath("specs"),
    },
  },
])("$name", async ({props}) => {
  const result = await readPackage(props)

  test("Возвращает результат чтения пакета", () => {
    expect(result, "readPackage должна возвращать результат чтения пакета").toBeDefined()
  })
})"
,
          },
        ],
        "hooks": [],
        "imports": [
          "bun:test",
          "node:path",
          "@storybook/archetypes/package",
        ],
        "native": [
          "describe",
          "expect",
          "test",
        ],
        "path": "/Users/zavx0z/repozitarium/storybook/archetypes/package/spec/scenario.spec.ts",
        "registrations": [
          {
            "depth": 0,
            "kind": "describe",
            "label": ""$name"",
            "location": {
              "column": 1,
              "line": 8,
              "path": "/Users/zavx0z/repozitarium/storybook/archetypes/package/spec/scenario.spec.ts",
            },
            "modifiers": [
              "each",
            ],
            "remarks": null,
            "scope": "module",
          },
          {
            "depth": 1,
            "kind": "test",
            "label": ""Возвращает результат чтения пакета"",
            "location": {
              "column": 3,
              "line": 26,
              "path": "/Users/zavx0z/repozitarium/storybook/archetypes/package/spec/scenario.spec.ts",
            },
            "modifiers": [],
            "remarks": null,
            "scope": "native",
          },
        ],
        "tests": [
          {
            "assertions": 1,
            "each": false,
            "label": ""Возвращает результат чтения пакета"",
            "location": {
              "column": 3,
              "line": 26,
              "path": "/Users/zavx0z/repozitarium/storybook/archetypes/package/spec/scenario.spec.ts",
            },
            "skippable": false,
            "source": 
"test("Возвращает результат чтения пакета", () => {
  expect(result, "readPackage должна возвращать результат чтения пакета").toBeDefined()
})"
,
            "todo": false,
          },
        ],
        "text": 
"import {describe, expect, test} from "bun:test"
import {resolve} from "node:path"
import {readPackage} from "@storybook/archetypes/package"

const packagePath = (path: string) => resolve(import.meta.dir, "../..", path)
const inputPath = process.env.PACKAGE_PATH

describe.each([
  {
    name: "Корневой пакет",
    fail: "Корневой пакет должен непосредственно принадлежать репозиторию",
    props: {
      path: inputPath ?? packagePath("."),
    },
  },
  {
    name: "Вложенный пакет",
    fail: "Вложенный пакет должен непосредственно принадлежать содержащему его пакету",
    props: {
      path: inputPath ?? packagePath("specs"),
    },
  },
])("$name", async ({props}) => {
  const result = await readPackage(props)

  test("Возвращает результат чтения пакета", () => {
    expect(result, "readPackage должна возвращать результат чтения пакета").toBeDefined()
  })
})
"
,
      },
      "stderr": 
"
spec/scenario.spec.ts:
(pass) Корневой пакет > Возвращает результат чтения пакета
(pass) Вложенный пакет > Возвращает результат чтения пакета

 2 pass
 0 fail
 2 expect() calls
Ran 2 tests across 1 file.
"
,
      "stdout": 
"bun test v1.4.2 (744846f84)
"
,
      "tests": [
        {
          "assertions": [
            {
              "customFailMessage": "readPackage должна возвращать результат чтения пакета",
              "location": {
                "column": 5,
                "line": 27,
                "path": "/Users/zavx0z/repozitarium/storybook/archetypes/package/spec/scenario.spec.ts",
              },
              "site": "expect:781",
              "source": "expect(result, "readPackage должна возвращать результат чтения пакета")",
            },
          ],
          "groupId": 0,
          "id": 0,
          "label": "Возвращает результат чтения пакета",
          "location": {
            "column": 3,
            "line": 26,
            "path": "/Users/zavx0z/repozitarium/storybook/archetypes/package/spec/scenario.spec.ts",
          },
          "message": null,
          "mode": "run",
          "skipReason": null,
          "status": "passed",
        },
        {
          "assertions": [
            {
              "customFailMessage": "readPackage должна возвращать результат чтения пакета",
              "location": {
                "column": 5,
                "line": 27,
                "path": "/Users/zavx0z/repozitarium/storybook/archetypes/package/spec/scenario.spec.ts",
              },
              "site": "expect:781",
              "source": "expect(result, "readPackage должна возвращать результат чтения пакета")",
            },
          ],
          "groupId": 1,
          "id": 1,
          "label": "Возвращает результат чтения пакета",
          "location": {
            "column": 3,
            "line": 26,
            "path": "/Users/zavx0z/repozitarium/storybook/archetypes/package/spec/scenario.spec.ts",
          },
          "message": null,
          "mode": "run",
          "skipReason": null,
          "status": "passed",
        },
      ],
      "validation": {
        "checks": [
          {
            "issues": [],
            "rule": "native-api",
            "status": "passed",
          },
          {
            "issues": [],
            "rule": "file-location",
            "status": "passed",
          },
          {
            "issues": [],
            "rule": "parameterization",
            "status": "passed",
          },
          {
            "issues": [],
            "rule": "explicit-registration",
            "status": "passed",
          },
          {
            "issues": [],
            "rule": "inline-description",
            "status": "passed",
          },
          {
            "issues": [],
            "rule": "direct-execution",
            "status": "passed",
          },
          {
            "issues": [],
            "rule": "skip-description",
            "status": "passed",
          },
          {
            "issues": [],
            "rule": "assertions",
            "status": "passed",
          },
          {
            "issues": [],
            "rule": "variant-setup",
            "status": "passed",
          },
          {
            "issues": [],
            "rule": "execution",
            "status": "passed",
          },
          {
            "issues": [],
            "rule": "public-entry",
            "status": "not-checked",
          },
          {
            "issues": [],
            "rule": "fixture-ownership",
            "status": "not-checked",
          },
          {
            "issues": [],
            "rule": "result-dataflow",
            "status": "not-checked",
          },
          {
            "issues": [],
            "rule": "resource-cleanup",
            "status": "not-checked",
          },
          {
            "issues": [],
            "rule": "meaning",
            "status": "not-checked",
          },
        ],
        "status": "incomplete",
      },
    },
  },
}
`;
